Archive member included to satisfy reference by file (symbol)

/usr/lib/gcc/arm-none-eabi/14.2.0/../../../../arm-none-eabi/lib/thumb/v7e-m+fp/hard/libc_nano.a(libc_a-atexit.o)
                              /usr/lib/gcc/arm-none-eabi/14.2.0/../../../../arm-none-eabi/lib/thumb/v7e-m+fp/hard/crt0.o (atexit)
/usr/lib/gcc/arm-none-eabi/14.2.0/../../../../arm-none-eabi/lib/thumb/v7e-m+fp/hard/libc_nano.a(libc_a-exit.o)
                              /usr/lib/gcc/arm-none-eabi/14.2.0/../../../../arm-none-eabi/lib/thumb/v7e-m+fp/hard/crt0.o (exit)
/usr/lib/gcc/arm-none-eabi/14.2.0/../../../../arm-none-eabi/lib/thumb/v7e-m+fp/hard/libc_nano.a(libc_a-findfp.o)
                              /usr/lib/gcc/arm-none-eabi/14.2.0/../../../../arm-none-eabi/lib/thumb/v7e-m+fp/hard/libc_nano.a(libc_a-exit.o) (__stdio_exit_handler)
/usr/lib/gcc/arm-none-eabi/14.2.0/../../../../arm-none-eabi/lib/thumb/v7e-m+fp/hard/libc_nano.a(libc_a-fwalk.o)
                              /usr/lib/gcc/arm-none-eabi/14.2.0/../../../../arm-none-eabi/lib/thumb/v7e-m+fp/hard/libc_nano.a(libc_a-findfp.o) (_fwalk_sglue)
/usr/lib/gcc/arm-none-eabi/14.2.0/../../../../arm-none-eabi/lib/thumb/v7e-m+fp/hard/libc_nano.a(libc_a-stdio.o)
                              /usr/lib/gcc/arm-none-eabi/14.2.0/../../../../arm-none-eabi/lib/thumb/v7e-m+fp/hard/libc_nano.a(libc_a-findfp.o) (__sread)
/usr/lib/gcc/arm-none-eabi/14.2.0/../../../../arm-none-eabi/lib/thumb/v7e-m+fp/hard/libc_nano.a(libc_a-memset.o)
                              /usr/lib/gcc/arm-none-eabi/14.2.0/../../../../arm-none-eabi/lib/thumb/v7e-m+fp/hard/crt0.o (memset)
/usr/lib/gcc/arm-none-eabi/14.2.0/../../../../arm-none-eabi/lib/thumb/v7e-m+fp/hard/libc_nano.a(libc_a-closer.o)
                              /usr/lib/gcc/arm-none-eabi/14.2.0/../../../../arm-none-eabi/lib/thumb/v7e-m+fp/hard/libc_nano.a(libc_a-stdio.o) (_close_r)
/usr/lib/gcc/arm-none-eabi/14.2.0/../../../../arm-none-eabi/lib/thumb/v7e-m+fp/hard/libc_nano.a(libc_a-reent.o)
                              /usr/lib/gcc/arm-none-eabi/14.2.0/../../../../arm-none-eabi/lib/thumb/v7e-m+fp/hard/libc_nano.a(libc_a-closer.o) (errno)
/usr/lib/gcc/arm-none-eabi/14.2.0/../../../../arm-none-eabi/lib/thumb/v7e-m+fp/hard/libc_nano.a(libc_a-impure.o)
                              /usr/lib/gcc/arm-none-eabi/14.2.0/../../../../arm-none-eabi/lib/thumb/v7e-m+fp/hard/libc_nano.a(libc_a-reent.o) (_impure_ptr)
/usr/lib/gcc/arm-none-eabi/14.2.0/../../../../arm-none-eabi/lib/thumb/v7e-m+fp/hard/libc_nano.a(libc_a-lseekr.o)
                              /usr/lib/gcc/arm-none-eabi/14.2.0/../../../../arm-none-eabi/lib/thumb/v7e-m+fp/hard/libc_nano.a(libc_a-stdio.o) (_lseek_r)
/usr/lib/gcc/arm-none-eabi/14.2.0/../../../../arm-none-eabi/lib/thumb/v7e-m+fp/hard/libc_nano.a(libc_a-readr.o)
                              /usr/lib/gcc/arm-none-eabi/14.2.0/../../../../arm-none-eabi/lib/thumb/v7e-m+fp/hard/libc_nano.a(libc_a-stdio.o) (_read_r)
/usr/lib/gcc/arm-none-eabi/14.2.0/../../../../arm-none-eabi/lib/thumb/v7e-m+fp/hard/libc_nano.a(libc_a-writer.o)
                              /usr/lib/gcc/arm-none-eabi/14.2.0/../../../../arm-none-eabi/lib/thumb/v7e-m+fp/hard/libc_nano.a(libc_a-stdio.o) (_write_r)
/usr/lib/gcc/arm-none-eabi/14.2.0/../../../../arm-none-eabi/lib/thumb/v7e-m+fp/hard/libc_nano.a(libc_a-errno.o)
                              build/sysmem.o (__errno)
/usr/lib/gcc/arm-none-eabi/14.2.0/../../../../arm-none-eabi/lib/thumb/v7e-m+fp/hard/libc_nano.a(libc_a-init.o)
                              /usr/lib/gcc/arm-none-eabi/14.2.0/../../../../arm-none-eabi/lib/thumb/v7e-m+fp/hard/crt0.o (__libc_init_array)
/usr/lib/gcc/arm-none-eabi/14.2.0/../../../../arm-none-eabi/lib/thumb/v7e-m+fp/hard/libc_nano.a(libc_a-fini.o)
                              /usr/lib/gcc/arm-none-eabi/14.2.0/../../../../arm-none-eabi/lib/thumb/v7e-m+fp/hard/crt0.o (__libc_fini_array)
/usr/lib/gcc/arm-none-eabi/14.2.0/../../../../arm-none-eabi/lib/thumb/v7e-m+fp/hard/libc_nano.a(libc_a-lock.o)
                              /usr/lib/gcc/arm-none-eabi/14.2.0/../../../../arm-none-eabi/lib/thumb/v7e-m+fp/hard/libc_nano.a(libc_a-findfp.o) (__retarget_lock_init_recursive)
/usr/lib/gcc/arm-none-eabi/14.2.0/../../../../arm-none-eabi/lib/thumb/v7e-m+fp/hard/libc_nano.a(libc_a-memcpy-stub.o)
                              build/queue.o (memcpy)
/usr/lib/gcc/arm-none-eabi/14.2.0/../../../../arm-none-eabi/lib/thumb/v7e-m+fp/hard/libc_nano.a(libc_a-__atexit.o)
                              /usr/lib/gcc/arm-none-eabi/14.2.0/../../../../arm-none-eabi/lib/thumb/v7e-m+fp/hard/libc_nano.a(libc_a-atexit.o) (__register_exitproc)
/usr/lib/gcc/arm-none-eabi/14.2.0/../../../../arm-none-eabi/lib/thumb/v7e-m+fp/hard/libc_nano.a(libc_a-__call_atexit.o)
                              /usr/lib/gcc/arm-none-eabi/14.2.0/../../../../arm-none-eabi/lib/thumb/v7e-m+fp/hard/libc_nano.a(libc_a-__atexit.o) (__call_exitprocs)
/usr/lib/gcc/arm-none-eabi/14.2.0/../../../../arm-none-eabi/lib/thumb/v7e-m+fp/hard/libc_nano.a(libc_a-freer.o)
[...]
Memory Configuration

Name             Origin             Length             Attributes
RAM              0x20000000         0x00020000         xrw
CCMRAM           0x10000000         0x00010000         xrw
FLASH            0x08000000         0x00100000         xr
*default*        0x00000000         0xffffffff

Linker script and memory map

LOAD /usr/lib/gcc/arm-none-eabi/14.2.0/thumb/v7e-m+fp/hard/crti.o
LOAD /usr/lib/gcc/arm-none-eabi/14.2.0/thumb/v7e-m+fp/hard/crtbegin.o
LOAD /usr/lib/gcc/arm-none-eabi/14.2.0/../../../../arm-none-eabi/lib/thumb/v7e-m+fp/hard/crt0.o
LOAD build/main.o
LOAD build/gpio.o
LOAD build/freertos.o
LOAD build/stm32f4xx_it.o
LOAD build/stm32f4xx_hal_msp.o
LOAD build/stm32f4xx_hal_rcc.o
LOAD build/stm32f4xx_hal_rcc_ex.o
LOAD build/stm32f4xx_hal_flash.o
LOAD build/stm32f4xx_hal_flash_ex.o
LOAD build/stm32f4xx_hal_flash_ramfunc.o
LOAD build/stm32f4xx_hal_gpio.o
LOAD build/stm32f4xx_hal_dma_ex.o
LOAD build/stm32f4xx_hal_dma.o
LOAD build/stm32f4xx_hal_pwr.o
LOAD build/stm32f4xx_hal_pwr_ex.o
LOAD build/stm32f4xx_hal_cortex.o
LOAD build/stm32f4xx_hal.o
LOAD build/stm32f4xx_hal_exti.o
LOAD build/system_stm32f4xx.o
LOAD build/croutine.o
LOAD build/event_groups.o
LOAD build/list.o
LOAD build/queue.o
LOAD build/stream_buffer.o
LOAD build/tasks.o
LOAD build/timers.o
LOAD build/cmsis_os2.o
LOAD build/heap_4.o
LOAD build/port.o
LOAD build/sysmem.o
LOAD build/syscalls.o
LOAD build/startup_stm32f407xx.o
LOAD /usr/lib/gcc/arm-none-eabi/14.2.0/../../../../arm-none-eabi/lib/thumb/v7e-m+fp/hard/libc_nano.a
LOAD /usr/lib/gcc/arm-none-eabi/14.2.0/../../../../arm-none-eabi/lib/thumb/v7e-m+fp/hard/libm.a
LOAD /usr/lib/gcc/arm-none-eabi/14.2.0/../../../../arm-none-eabi/lib/thumb/v7e-m+fp/hard/libnosys.a
START GROUP
LOAD /usr/lib/gcc/arm-none-eabi/14.2.0/thumb/v7e-m+fp/hard/libgcc.a
LOAD /usr/lib/gcc/arm-none-eabi/14.2.0/../../../../arm-none-eabi/lib/thumb/v7e-m+fp/hard/libc_nano.a
END GROUP
START GROUP
LOAD /usr/lib/gcc/arm-none-eabi/14.2.0/thumb/v7e-m+fp/hard/libgcc.a
LOAD /usr/lib/gcc/arm-none-eabi/14.2.0/../../../../arm-none-eabi/lib/thumb/v7e-m+fp/hard/libc_nano.a
END GROUP
LOAD /usr/lib/gcc/arm-none-eabi/14.2.0/thumb/v7e-m+fp/hard/crtend.o
LOAD /usr/lib/gcc/arm-none-eabi/14.2.0/thumb/v7e-m+fp/hard/crtn.o
                0x20020000                        _estack = (ORIGIN (RAM) + LENGTH (RAM))
                0x2001fc00                        _sstack = (_estack - _Min_Stack_Size)
                0x00000200                        _Min_Heap_Size = 0x200
                0x00000400                        _Min_Stack_Size = 0x400

.isr_vector     0x08000000      0x188
                0x08000000                        . = ALIGN (0x4)
 *(.isr_vector)
 .isr_vector    0x08000000      0x188 build/startup_stm32f407xx.o
                0x08000000                g_pfnVectors
                0x08000188                        . = ALIGN (0x4)

.text           0x08000190     0x2e78
                0x08000190                        . = ALIGN (0x4)
 *(.text)
 .text          0x08000190       0x30 /usr/lib/gcc/arm-none-eabi/14.2.0/thumb/v7e-m+fp/hard/libgcc.a(_aeabi_uldivmod.o)
                0x08000190                __aeabi_uldivmod
 .text          0x080001c0        0x4 /usr/lib/gcc/arm-none-eabi/14.2.0/thumb/v7e-m+fp/hard/libgcc.a(_dvmd_tls.o)
                0x080001c0                __aeabi_ldiv0
                0x080001c0                __aeabi_idiv0
 *(.text*)
 .text.__do_global_dtors_aux
                0x080001c4       0x24 /usr/lib/gcc/arm-none-eabi/14.2.0/thumb/v7e-m+fp/hard/crtbegin.o
 .text.frame_dummy
                0x080001e8       0x1c /usr/lib/gcc/arm-none-eabi/14.2.0/thumb/v7e-m+fp/hard/crtbegin.o
 .text.vLedTask
                0x08000204       0x18 build/main.o
                0x08000204                vLedTask
 .text.Error_Handler
                0x0800021c        0x4 build/main.o
                0x0800021c                Error_Handler
 .text.SystemClock_Config
                0x08000220       0xa4 build/main.o
                0x08000220                SystemClock_Config
 .text.main     0x080002c4       0x88 build/main.o
                0x080002c4                main
 .text.MX_GPIO_Init
                0x0800034c      0x218 build/gpio.o
                0x0800034c                MX_GPIO_Init
 .text.StartDefaultTask
                0x08000564        0xa build/freertos.o
                0x08000564                StartDefaultTask
 *fill*         0x0800056e        0x2 
 .text.MX_FREERTOS_Init
                0x08000570       0x20 build/freertos.o
                0x08000570                MX_FREERTOS_Init
 .text.NMI_Handler
                0x08000590        0x2 build/stm32f4xx_it.o
                0x08000590                NMI_Handler
 .text.HardFault_Handler
                0x08000592        0x2 build/stm32f4xx_it.o
                0x08000592                HardFault_Handler
 .text.MemManage_Handler
                0x08000594        0x2 build/stm32f4xx_it.o
                0x08000594                MemManage_Handler
 .text.BusFault_Handler
                0x08000596        0x2 build/stm32f4xx_it.o
                0x08000596                BusFault_Handler
 .text.UsageFault_Handler
                0x08000598        0x2 build/stm32f4xx_it.o
                0x08000598                UsageFault_Handler
 .text.DebugMon_Handler
                0x0800059a        0x2 build/stm32f4xx_it.o
                0x0800059a                DebugMon_Handler
 .text.SysTick_Handler
                0x0800059c       0x16 build/stm32f4xx_it.o
                0x0800059c                SysTick_Handler
 *fill*         0x080005b2        0x2 
 .text.HAL_MspInit
                0x080005b4       0x44 build/stm32f4xx_hal_msp.o
                0x080005b4                HAL_MspInit
 .text.HAL_RCC_OscConfig
                0x080005f8      0x3f8 build/stm32f4xx_hal_rcc.o
                0x080005f8                HAL_RCC_OscConfig
 .text.HAL_RCC_GetSysClockFreq
                0x080009f0       0xdc build/stm32f4xx_hal_rcc.o
                0x080009f0                HAL_RCC_GetSysClockFreq
 .text.HAL_RCC_ClockConfig
                0x08000acc      0x160 build/stm32f4xx_hal_rcc.o
                0x08000acc                HAL_RCC_ClockConfig
 .text.HAL_GPIO_Init
                0x08000c2c      0x1ec build/stm32f4xx_hal_gpio.o
                0x08000c2c                HAL_GPIO_Init
 .text.HAL_GPIO_WritePin
                0x08000e18        0xc build/stm32f4xx_hal_gpio.o
                0x08000e18                HAL_GPIO_WritePin
 .text.HAL_GPIO_TogglePin
                0x08000e24       0x12 build/stm32f4xx_hal_gpio.o
                0x08000e24                HAL_GPIO_TogglePin
 *fill*         0x08000e36        0x2 
 .text.__NVIC_SetPriority
                0x08000e38       0x28 build/stm32f4xx_hal_cortex.o
 .text.NVIC_EncodePriority
                0x08000e60       0x3e build/stm32f4xx_hal_cortex.o
 *fill*         0x08000e9e        0x2 
 .text.HAL_NVIC_SetPriorityGrouping
                0x08000ea0       0x24 build/stm32f4xx_hal_cortex.o
                0x08000ea0                HAL_NVIC_SetPriorityGrouping
 .text.HAL_NVIC_SetPriority
                0x08000ec4       0x20 build/stm32f4xx_hal_cortex.o
                0x08000ec4                HAL_NVIC_SetPriority
 .text.HAL_SYSTICK_Config
                0x08000ee4       0x28 build/stm32f4xx_hal_cortex.o
                0x08000ee4                HAL_SYSTICK_Config
 .text.HAL_InitTick
                0x08000f0c       0x4c build/stm32f4xx_hal.o
                0x08000f0c                HAL_InitTick
 .text.HAL_Init
                0x08000f58       0x34 build/stm32f4xx_hal.o
                0x08000f58                HAL_Init
 .text.HAL_IncTick
                0x08000f8c       0x18 build/stm32f4xx_hal.o
                0x08000f8c                HAL_IncTick
 .text.HAL_GetTick
                0x08000fa4        0xc build/stm32f4xx_hal.o
                0x08000fa4                HAL_GetTick
 .text.HAL_Delay
                0x08000fb0       0x28 build/stm32f4xx_hal.o
                0x08000fb0                HAL_Delay
 .text.SystemInit
                0x08000fd8       0x14 build/system_stm32f4xx.o
                0x08000fd8                SystemInit
 .text.vListInitialise
                0x08000fec       0x16 build/list.o
                0x08000fec                vListInitialise
 .text.vListInitialiseItem
                0x08001002        0x6 build/list.o
                0x08001002                vListInitialiseItem
 .text.vListInsertEnd
                0x08001008       0x16 build/list.o
                0x08001008                vListInsertEnd
 .text.vListInsert
                0x0800101e       0x32 build/list.o
                0x0800101e                vListInsert
 .text.uxListRemove
                0x08001050       0x26 build/list.o
                0x08001050                uxListRemove
 .text.prvIsQueueFull
                0x08001076       0x1e build/queue.o
 .text.prvIsQueueEmpty
                0x08001094       0x1a build/queue.o
 .text.prvCopyDataToQueue
                0x080010ae       0x76 build/queue.o
 .text.prvCopyDataFromQueue
                0x08001124       0x24 build/queue.o
 .text.prvUnlockQueue
                0x08001148       0x6e build/queue.o
 .text.xQueueGenericReset
                0x080011b6       0x84 build/queue.o
                0x080011b6                xQueueGenericReset
 .text.prvInitialiseNewQueue
                0x0800123a       0x22 build/queue.o
 .text.xQueueGenericCreateStatic
                0x0800125c       0x94 build/queue.o
                0x0800125c                xQueueGenericCreateStatic
 .text.xQueueGenericSend
                0x080012f0      0x188 build/queue.o
                0x080012f0                xQueueGenericSend
 .text.xQueueGenericSendFromISR
                0x08001478       0xce build/queue.o
                0x08001478                xQueueGenericSendFromISR
 .text.xQueueReceive
                0x08001546      0x15e build/queue.o
                0x08001546                xQueueReceive
 .text.vQueueAddToRegistry
                0x080016a4       0x28 build/queue.o
                0x080016a4                vQueueAddToRegistry
 .text.vQueueWaitForMessageRestricted
                0x080016cc       0x52 build/queue.o
                0x080016cc                vQueueWaitForMessageRestricted
 *fill*         0x0800171e        0x2 
 .text.prvResetNextTaskUnblockTime
                0x08001720       0x2c build/tasks.o
 .text.prvInitialiseNewTask
                0x0800174c       0xa2 build/tasks.o
 *fill*         0x080017ee        0x2 
 .text.prvInitialiseTaskLists
                0x080017f0       0x68 build/tasks.o
 .text.prvAddNewTaskToReadyList
                0x08001858       0xac build/tasks.o
 .text.prvDeleteTCB
                0x08001904       0x38 build/tasks.o
 .text.prvCheckTasksWaitingTermination
                0x0800193c       0x4c build/tasks.o
 .text.prvIdleTask
                0x08001988       0x28 build/tasks.o
 .text.prvAddCurrentTaskToDelayedList
                0x080019b0       0x7c build/tasks.o
 .text.xTaskCreateStatic
                0x08001a2c       0x76 build/tasks.o
                0x08001a2c                xTaskCreateStatic
 .text.xTaskCreate
                0x08001aa2       0x64 build/tasks.o
                0x08001aa2                xTaskCreate
 *fill*         0x08001b06        0x2 
 .text.vTaskStartScheduler
                0x08001b08       0x98 build/tasks.o
                0x08001b08                vTaskStartScheduler
 .text.vTaskSuspendAll
                0x08001ba0       0x10 build/tasks.o
                0x08001ba0                vTaskSuspendAll
 .text.xTaskGetTickCount
                0x08001bb0        0xc build/tasks.o
                0x08001bb0                xTaskGetTickCount
 .text.xTaskIncrementTick
                0x08001bbc      0x118 build/tasks.o
                0x08001bbc                xTaskIncrementTick
 .text.xTaskResumeAll
                0x08001cd4       0xf8 build/tasks.o
                0x08001cd4                xTaskResumeAll
 .text.vTaskDelay
                0x08001dcc       0x4c build/tasks.o
                0x08001dcc                vTaskDelay
 .text.vTaskSwitchContext
                0x08001e18       0x98 build/tasks.o
                0x08001e18                vTaskSwitchContext
 .text.vTaskPlaceOnEventList
                0x08001eb0       0x30 build/tasks.o
                0x08001eb0                vTaskPlaceOnEventList
 .text.vTaskPlaceOnEventListRestricted
                0x08001ee0       0x38 build/tasks.o
                0x08001ee0                vTaskPlaceOnEventListRestricted
 .text.xTaskRemoveFromEventList
                0x08001f18       0x8c build/tasks.o
                0x08001f18                xTaskRemoveFromEventList
 .text.vTaskInternalSetTimeOutState
                0x08001fa4       0x18 build/tasks.o
                0x08001fa4                vTaskInternalSetTimeOutState
 .text.xTaskCheckForTimeOut
                0x08001fbc       0x88 build/tasks.o
                0x08001fbc                xTaskCheckForTimeOut
 .text.vTaskMissedYield
                0x08002044        0xc build/tasks.o
                0x08002044                vTaskMissedYield
 .text.xTaskGetSchedulerState
                0x08002050       0x20 build/tasks.o
                0x08002050                xTaskGetSchedulerState
 .text.xTaskPriorityDisinherit
                0x08002070       0x90 build/tasks.o
                0x08002070                xTaskPriorityDisinherit
 .text.prvGetNextExpireTime
                0x08002100       0x20 build/timers.o
 .text.prvInsertTimerInActiveList
                0x08002120       0x48 build/timers.o
 .text.prvCheckForValidListAndQueue
                0x08002168       0x70 build/timers.o
 .text.xTimerCreateTimerTask
                0x080021d8       0x64 build/timers.o
                0x080021d8                xTimerCreateTimerTask
 .text.xTimerGenericCommand
                0x0800223c       0x6c build/timers.o
                0x0800223c                xTimerGenericCommand
 .text.prvSwitchTimerLists
                0x080022a8       0x7c build/timers.o
 .text.prvSampleTimeNow
                0x08002324       0x2c build/timers.o
 .text.prvProcessExpiredTimer
                0x08002350       0x6c build/timers.o
 .text.prvProcessTimerOrBlockTask
                0x080023bc       0x74 build/timers.o
 .text.prvProcessReceivedCommands
                0x08002430      0x10c build/timers.o
 .text.prvTimerTask
                0x0800253c       0x16 build/timers.o
 *fill*         0x08002552        0x2 
 .text.osKernelInitialize
                0x08002554       0x24 build/cmsis_os2.o
                0x08002554                osKernelInitialize
 .text.osKernelStart
                0x08002578       0x38 build/cmsis_os2.o
                0x08002578                osKernelStart
 .text.osThreadNew
                0x080025b0       0xb4 build/cmsis_os2.o
                0x080025b0                osThreadNew
 .text.osDelay  0x08002664       0x1c build/cmsis_os2.o
                0x08002664                osDelay
 .text.vApplicationGetIdleTaskMemory
                0x08002680       0x18 build/cmsis_os2.o
                0x08002680                vApplicationGetIdleTaskMemory
 .text.vApplicationGetTimerTaskMemory
                0x08002698       0x18 build/cmsis_os2.o
                0x08002698                vApplicationGetTimerTaskMemory
 .text.prvHeapInit
                0x080026b0       0x64 build/heap_4.o
 .text.prvInsertBlockIntoFreeList
                0x08002714       0x64 build/heap_4.o
 .text.pvPortMalloc
                0x08002778      0x104 build/heap_4.o
                0x08002778                pvPortMalloc
 .text.vPortFree
                0x0800287c       0x7c build/heap_4.o
                0x0800287c                vPortFree
 .text.prvTaskExitError
                0x080028f8       0x40 build/port.o
 .text.prvPortStartFirstTask
                0x08002938       0x28 build/port.o
 .text.vPortEnableVFP
                0x08002960       0x14 build/port.o
 .text.pxPortInitialiseStack
                0x08002974       0x2c build/port.o
                0x08002974                pxPortInitialiseStack
 .text.SVC_Handler
                0x080029a0       0x24 build/port.o
                0x080029a0                SVC_Handler
 .text.vPortEnterCritical
                0x080029c4       0x44 build/port.o
                0x080029c4                vPortEnterCritical
 .text.vPortExitCritical
                0x08002a08       0x2c build/port.o
                0x08002a08                vPortExitCritical
 *fill*         0x08002a34        0xc 
 .text.PendSV_Handler
                0x08002a40       0x64 build/port.o
                0x08002a40                PendSV_Handler
 .text.xPortSysTickHandler
                0x08002aa4       0x2c build/port.o
                0x08002aa4                xPortSysTickHandler
 .text.vPortSetupTimerInterrupt
                0x08002ad0       0x28 build/port.o
                0x08002ad0                vPortSetupTimerInterrupt
 .text.xPortStartScheduler
                0x08002af8      0x118 build/port.o
                0x08002af8                xPortStartScheduler
 .text.vPortValidateInterruptPriority
                0x08002c10       0x5c build/port.o
                0x08002c10                vPortValidateInterruptPriority
 .text.Reset_Handler
                0x08002c6c       0x50 build/startup_stm32f407xx.o
                0x08002c6c                Reset_Handler
 .text.Default_Handler
                0x08002cbc        0x2 build/startup_stm32f407xx.o
                0x08002cbc                RTC_Alarm_IRQHandler
                0x08002cbc                HASH_RNG_IRQHandler
                0x08002cbc                EXTI2_IRQHandler
                0x08002cbc                TIM8_CC_IRQHandler
                0x08002cbc                TIM1_CC_IRQHandler
                0x08002cbc                DMA2_Stream5_IRQHandler
                0x08002cbc                DMA1_Stream5_IRQHandler
                0x08002cbc                PVD_IRQHandler
                0x08002cbc                SDIO_IRQHandler
                0x08002cbc                TAMP_STAMP_IRQHandler
                0x08002cbc                CAN2_RX1_IRQHandler
                0x08002cbc                EXTI3_IRQHandler
                0x08002cbc                TIM8_TRG_COM_TIM14_IRQHandler
                0x08002cbc                TIM1_UP_TIM10_IRQHandler
                0x08002cbc                TIM8_UP_TIM13_IRQHandler
                0x08002cbc                I2C3_ER_IRQHandler
                0x08002cbc                EXTI0_IRQHandler
                0x08002cbc                I2C2_EV_IRQHandler
                0x08002cbc                DMA1_Stream2_IRQHandler
                0x08002cbc                CAN1_RX0_IRQHandler
                0x08002cbc                FPU_IRQHandler
                0x08002cbc                OTG_HS_WKUP_IRQHandler
                0x08002cbc                CAN2_SCE_IRQHandler
                0x08002cbc                DMA2_Stream2_IRQHandler
                0x08002cbc                SPI1_IRQHandler
                0x08002cbc                TIM6_DAC_IRQHandler
                0x08002cbc                TIM1_BRK_TIM9_IRQHandler
                0x08002cbc                DCMI_IRQHandler
                0x08002cbc                CAN2_RX0_IRQHandler
                0x08002cbc                DMA2_Stream3_IRQHandler
                0x08002cbc                USART6_IRQHandler
                0x08002cbc                USART3_IRQHandler
                0x08002cbc                CAN1_RX1_IRQHandler
                0x08002cbc                UART5_IRQHandler
                0x08002cbc                DMA2_Stream0_IRQHandler
                0x08002cbc                TIM4_IRQHandler
                0x08002cbc                I2C1_EV_IRQHandler
                0x08002cbc                DMA1_Stream6_IRQHandler
                0x08002cbc                DMA1_Stream1_IRQHandler
                0x08002cbc                UART4_IRQHandler
                0x08002cbc                TIM3_IRQHandler
                0x08002cbc                RCC_IRQHandler
                0x08002cbc                TIM8_BRK_TIM12_IRQHandler
                0x08002cbc                Default_Handler
                0x08002cbc                EXTI15_10_IRQHandler
                0x08002cbc                ADC_IRQHandler
                0x08002cbc                DMA1_Stream7_IRQHandler
                0x08002cbc                TIM7_IRQHandler
                0x08002cbc                CAN2_TX_IRQHandler
                0x08002cbc                TIM5_IRQHandler
                0x08002cbc                DMA2_Stream7_IRQHandler
                0x08002cbc                I2C3_EV_IRQHandler
                0x08002cbc                EXTI9_5_IRQHandler
                0x08002cbc                RTC_WKUP_IRQHandler
                0x08002cbc                ETH_WKUP_IRQHandler
                0x08002cbc                SPI2_IRQHandler
                0x08002cbc                OTG_HS_EP1_IN_IRQHandler
                0x08002cbc                DMA1_Stream0_IRQHandler
                0x08002cbc                CAN1_TX_IRQHandler
                0x08002cbc                EXTI4_IRQHandler
                0x08002cbc                FSMC_IRQHandler
                0x08002cbc                ETH_IRQHandler
                0x08002cbc                OTG_HS_EP1_OUT_IRQHandler
                0x08002cbc                WWDG_IRQHandler
                0x08002cbc                TIM2_IRQHandler
                0x08002cbc                OTG_FS_WKUP_IRQHandler
                0x08002cbc                TIM1_TRG_COM_TIM11_IRQHandler
                0x08002cbc                OTG_HS_IRQHandler
                0x08002cbc                EXTI1_IRQHandler
                0x08002cbc                USART2_IRQHandler
                0x08002cbc                I2C2_ER_IRQHandler
                0x08002cbc                DMA2_Stream1_IRQHandler
                0x08002cbc                CAN1_SCE_IRQHandler
                0x08002cbc                FLASH_IRQHandler
                0x08002cbc                DMA2_Stream4_IRQHandler
                0x08002cbc                USART1_IRQHandler
                0x08002cbc                OTG_FS_IRQHandler
                0x08002cbc                SPI3_IRQHandler
                0x08002cbc                DMA1_Stream4_IRQHandler
                0x08002cbc                I2C1_ER_IRQHandler
                0x08002cbc                DMA2_Stream6_IRQHandler
                0x08002cbc                DMA1_Stream3_IRQHandler
 .text.memset   0x08002cbe       0x10 /usr/lib/gcc/arm-none-eabi/14.2.0/../../../../arm-none-eabi/lib/thumb/v7e-m+fp/hard/libc_nano.a(libc_a-memset.o)
                0x08002cbe                memset
 *fill*         0x08002cce        0x2 
 .text.__libc_init_array
                0x08002cd0       0x48 /usr/lib/gcc/arm-none-eabi/14.2.0/../../../../arm-none-eabi/lib/thumb/v7e-m+fp/hard/libc_nano.a(libc_a-init.o)
                0x08002cd0                __libc_init_array
 .text.memcpy   0x08002d18       0x1c /usr/lib/gcc/arm-none-eabi/14.2.0/../../../../arm-none-eabi/lib/thumb/v7e-m+fp/hard/libc_nano.a(libc_a-memcpy-stub.o)
                0x08002d18                memcpy
 .text.__udivmoddi4
                0x08002d34      0x2bc /usr/lib/gcc/arm-none-eabi/14.2.0/thumb/v7e-m+fp/hard/libgcc.a(_udivmoddi4.o)
                0x08002d34                __udivmoddi4
 *(.glue_7)
 .glue_7        0x08002ff0        0x0 linker stubs
 *(.glue_7t)
 .glue_7t       0x08002ff0        0x0 linker stubs
 *(.eh_frame)
 .eh_frame      0x08002ff0        0x0 /usr/lib/gcc/arm-none-eabi/14.2.0/thumb/v7e-m+fp/hard/crtbegin.o
 *(.init)
 .init          0x08002ff0        0x4 /usr/lib/gcc/arm-none-eabi/14.2.0/thumb/v7e-m+fp/hard/crti.o
                0x08002ff0                _init
 .init          0x08002ff4        0x8 /usr/lib/gcc/arm-none-eabi/14.2.0/thumb/v7e-m+fp/hard/crtn.o
 *(.fini)
 .fini          0x08002ffc        0x4 /usr/lib/gcc/arm-none-eabi/14.2.0/thumb/v7e-m+fp/hard/crti.o
                0x08002ffc                _fini
 .fini          0x08003000        0x8 /usr/lib/gcc/arm-none-eabi/14.2.0/thumb/v7e-m+fp/hard/crtn.o
                0x08003008                        . = ALIGN (0x4)
                0x08003008                        _etext = .

.vfp11_veneer   0x08003008        0x0
 .vfp11_veneer  0x08003008        0x0 linker stubs

.v4_bx          0x08003008        0x0
 .v4_bx         0x08003008        0x0 linker stubs

.iplt           0x08003008        0x0
 .iplt          0x08003008        0x0 /usr/lib/gcc/arm-none-eabi/14.2.0/thumb/v7e-m+fp/hard/crtbegin.o

.rodata         0x08003008       0x78
                0x08003008                        . = ALIGN (0x4)
 *(.rodata)
 *(.rodata*)
 .rodata.main.str1.4
                0x08003008       0x44 build/main.o
                                 0x1d (size before relaxing)
 .rodata.str1.4
                0x0800304c        0xc build/freertos.o
 .rodata.defaultTask_attributes
                0x0800304c       0x24 build/freertos.o
                0x0800304c                defaultTask_attributes
 .rodata.AHBPrescTable
                0x08003070       0x10 build/system_stm32f4xx.o
                0x08003070                AHBPrescTable
 .rodata.vTaskStartScheduler.str1.4
                0x08003080        0x5 build/tasks.o
 .rodata.prvCheckForValidListAndQueue.str1.4
                0x08003080        0x5 build/timers.o
 .rodata.xTimerCreateTimerTask.str1.4
                0x08003080        0x8 build/timers.o
                0x08003088                        . = ALIGN (0x4)

.ARM.extab      0x08003080        0x0
                0x08003080                        . = ALIGN (0x4)
 *(.ARM.extab* .gnu.linkonce.armextab.*)
                0x08003080                        . = ALIGN (0x4)

.ARM            0x08003080        0x8
                0x08003080                        . = ALIGN (0x4)
                0x08003080                        __exidx_start = .
 *(.ARM.exidx*)
 .ARM.exidx.text.__udivmoddi4
                0x08003080        0x8 /usr/lib/gcc/arm-none-eabi/14.2.0/thumb/v7e-m+fp/hard/libgcc.a(_udivmoddi4.o)
                0x08003088                        __exidx_end = .
                0x08003088                        . = ALIGN (0x4)

.preinit_array  0x08003088        0x0
                0x08003088                        . = ALIGN (0x4)
                0x08003088                        PROVIDE (__preinit_array_start = .)
 *(.preinit_array*)
                0x08003088                        PROVIDE (__preinit_array_end = .)
                0x08003088                        . = ALIGN (0x4)

.init_array     0x08003088        0x4
                0x08003088                        . = ALIGN (0x4)
                0x08003088                        PROVIDE (__init_array_start = .)
 *(SORT_BY_NAME(.init_array.*))
 *(.init_array*)
 .init_array    0x08003088        0x4 /usr/lib/gcc/arm-none-eabi/14.2.0/thumb/v7e-m+fp/hard/crtbegin.o
                0x0800308c                        PROVIDE (__init_array_end = .)
                0x0800308c                        . = ALIGN (0x4)

.fini_array     0x0800308c        0x4
                0x0800308c                        . = ALIGN (0x4)
                0x0800308c                        PROVIDE (__fini_array_start = .)
 *(SORT_BY_NAME(.fini_array.*))
 *(.fini_array*)
 .fini_array    0x0800308c        0x4 /usr/lib/gcc/arm-none-eabi/14.2.0/thumb/v7e-m+fp/hard/crtbegin.o
                0x08003090                        PROVIDE (__fini_array_end = .)
                0x08003090                        . = ALIGN (0x4)
                0x08003090                        _sidata = LOADADDR (.data)

.rel.dyn        0x08003090        0x0
 .rel.iplt      0x08003090        0x0 /usr/lib/gcc/arm-none-eabi/14.2.0/thumb/v7e-m+fp/hard/crtbegin.o

.data           0x20000000       0x30 load address 0x08003090
                0x20000000                        . = ALIGN (0x4)
                0x20000000                        _sdata = .
 *(.data)
 *(.data*)
 .data.led4_params
                0x20000000        0x8 build/main.o
 .data.led3_params
                0x20000008        0x8 build/main.o
 .data.led2_params
                0x20000010        0x8 build/main.o
 .data.led1_params
                0x20000018        0x8 build/main.o
 .data.uwTickFreq
                0x20000020        0x1 build/stm32f4xx_hal.o
                0x20000020                uwTickFreq
 *fill*         0x20000021        0x3 
 .data.uwTickPrio
                0x20000024        0x4 build/stm32f4xx_hal.o
                0x20000024                uwTickPrio
 .data.SystemCoreClock
                0x20000028        0x4 build/system_stm32f4xx.o
                0x20000028                SystemCoreClock
 .data.uxCriticalNesting
                0x2000002c        0x4 build/port.o
 *(.RamFunc)
 *(.RamFunc*)
                0x20000030                        . = ALIGN (0x4)
                0x20000030                        _edata = .
                0x080030c0                        _siccmram = LOADADDR (.ccmram)

.igot.plt       0x20000030        0x0 load address 0x080030c0
 .igot.plt      0x20000030        0x0 /usr/lib/gcc/arm-none-eabi/14.2.0/thumb/v7e-m+fp/hard/crtbegin.o

.ccmram         0x10000000        0x0 load address 0x080030c0
                0x10000000                        . = ALIGN (0x4)
                0x10000000                        _sccmram = .
 *(.ccmram)
 *(.ccmram*)
                0x10000000                        . = ALIGN (0x4)
                0x10000000                        _eccmram = .
                0x10000000                        . = ALIGN (0x4)

.bss            0x20000030     0x4974
                0x20000030                        _sbss = .
                0x20000030                        __bss_start__ = _sbss
 *(.bss)
 *(.bss*)
 .bss.completed.1
                0x20000030        0x1 /usr/lib/gcc/arm-none-eabi/14.2.0/thumb/v7e-m+fp/hard/crtbegin.o
 *fill*         0x20000031        0x3 
 .bss.object.0  0x20000034       0x18 /usr/lib/gcc/arm-none-eabi/14.2.0/thumb/v7e-m+fp/hard/crtbegin.o
 .bss.defaultTaskHandle
                0x2000004c        0x4 build/freertos.o
                0x2000004c                defaultTaskHandle
 .bss.uwTick    0x20000050        0x4 build/stm32f4xx_hal.o
                0x20000050                uwTick
 .bss.xQueueRegistry
                0x20000054       0x40 build/queue.o
                0x20000054                xQueueRegistry
 .bss.uxSchedulerSuspended
                0x20000094        0x4 build/tasks.o
 .bss.xIdleTaskHandle
                0x20000098        0x4 build/tasks.o
 .bss.xNextTaskUnblockTime
                0x2000009c        0x4 build/tasks.o
 .bss.uxTaskNumber
                0x200000a0        0x4 build/tasks.o
 .bss.xNumOfOverflows
                0x200000a4        0x4 build/tasks.o
 .bss.xYieldPending
                0x200000a8        0x4 build/tasks.o
 .bss.xPendedTicks
                0x200000ac        0x4 build/tasks.o
 .bss.xSchedulerRunning
                0x200000b0        0x4 build/tasks.o
 .bss.uxTopReadyPriority
                0x200000b4        0x4 build/tasks.o
 .bss.xTickCount
                0x200000b8        0x4 build/tasks.o
 .bss.uxCurrentNumberOfTasks
                0x200000bc        0x4 build/tasks.o
 .bss.xSuspendedTaskList
                0x200000c0       0x14 build/tasks.o
 .bss.uxDeletedTasksWaitingCleanUp
                0x200000d4        0x4 build/tasks.o
 .bss.xTasksWaitingTermination
                0x200000d8       0x14 build/tasks.o
 .bss.xPendingReadyList
                0x200000ec       0x14 build/tasks.o
 .bss.pxOverflowDelayedTaskList
                0x20000100        0x4 build/tasks.o
 .bss.pxDelayedTaskList
                0x20000104        0x4 build/tasks.o
 .bss.xDelayedTaskList2
                0x20000108       0x14 build/tasks.o
 .bss.xDelayedTaskList1
                0x2000011c       0x14 build/tasks.o
 .bss.pxReadyTasksLists
                0x20000130      0x460 build/tasks.o
 .bss.pxCurrentTCB
                0x20000590        0x4 build/tasks.o
                0x20000590                pxCurrentTCB
 .bss.xStaticTimerQueue.0
                0x20000594       0x50 build/timers.o
 .bss.ucStaticTimerQueueStorage.1
                0x200005e4       0xa0 build/timers.o
 .bss.xLastTime.2
                0x20000684        0x4 build/timers.o
 .bss.xTimerTaskHandle
                0x20000688        0x4 build/timers.o
 .bss.xTimerQueue
                0x2000068c        0x4 build/timers.o
 .bss.pxOverflowTimerList
                0x20000690        0x4 build/timers.o
 .bss.pxCurrentTimerList
                0x20000694        0x4 build/timers.o
 .bss.xActiveTimerList2
                0x20000698       0x14 build/timers.o
 .bss.xActiveTimerList1
                0x200006ac       0x14 build/timers.o
 .bss.Timer_Stack.0
                0x200006c0      0x400 build/cmsis_os2.o
 .bss.Timer_TCB.1
                0x20000ac0       0x5c build/cmsis_os2.o
 .bss.Idle_Stack.2
                0x20000b1c      0x200 build/cmsis_os2.o
 .bss.Idle_TCB.3
                0x20000d1c       0x5c build/cmsis_os2.o
 .bss.KernelState
                0x20000d78        0x4 build/cmsis_os2.o
 .bss.xBlockAllocatedBit
                0x20000d7c        0x4 build/heap_4.o
 .bss.xNumberOfSuccessfulFrees
                0x20000d80        0x4 build/heap_4.o
 .bss.xNumberOfSuccessfulAllocations
                0x20000d84        0x4 build/heap_4.o
 .bss.xMinimumEverFreeBytesRemaining
                0x20000d88        0x4 build/heap_4.o
 .bss.xFreeBytesRemaining
                0x20000d8c        0x4 build/heap_4.o
 .bss.pxEnd     0x20000d90        0x4 build/heap_4.o
 .bss.xStart    0x20000d94        0x8 build/heap_4.o
 .bss.ucHeap    0x20000d9c     0x3c00 build/heap_4.o
 .bss.ulMaxPRIGROUPValue
                0x2000499c        0x4 build/port.o
 .bss.ucMaxSysCallPriority
                0x200049a0        0x1 build/port.o
 *(COMMON)
                0x200049a4                        . = ALIGN (0x4)
 *fill*         0x200049a1        0x3 
                0x200049a4                        _ebss = .
                0x200049a4                        __bss_end__ = _ebss

._user_heap_stack
                0x200049a4      0x604
                0x200049a8                        . = ALIGN (0x8)
 *fill*         0x200049a4        0x4 
                [!provide]                        PROVIDE (end = .)
                0x200049a8                        PROVIDE (_end = .)
                0x20004ba8                        . = (. + _Min_Heap_Size)
 *fill*         0x200049a8      0x200 
                0x20004fa8                        . = (. + _Min_Stack_Size)
 *fill*         0x20004ba8      0x400 
                0x20004fa8                        . = ALIGN (0x8)

/DISCARD/
 libc.a(*)
 libm.a(*)
 libgcc.a(*)
OUTPUT(build/blinkyRTOS.elf elf32-littlearm)
LOAD linker stubs
LOAD /usr/lib/gcc/arm-none-eabi/14.2.0/../../../../arm-none-eabi/lib/thumb/v7e-m+fp/hard/libc.a
LOAD /usr/lib/gcc/arm-none-eabi/14.2.0/../../../../arm-none-eabi/lib/thumb/v7e-m+fp/hard/libm.a
LOAD /usr/lib/gcc/arm-none-eabi/14.2.0/thumb/v7e-m+fp/hard/libgcc.a

.ARM.attributes
                0x00000000       0x30
 .ARM.attributes
                0x00000000       0x22 /usr/lib/gcc/arm-none-eabi/14.2.0/thumb/v7e-m+fp/hard/crti.o
 .ARM.attributes
                0x00000022       0x34 /usr/lib/gcc/arm-none-eabi/14.2.0/thumb/v7e-m+fp/hard/crtbegin.o
 .ARM.attributes
                0x00000056       0x34 build/main.o
 .ARM.attributes
                0x0000008a       0x34 build/gpio.o
 .ARM.attributes
                0x000000be       0x34 build/freertos.o
 .ARM.attributes
                0x000000f2       0x34 build/stm32f4xx_it.o
 .ARM.attributes
                0x00000126       0x34 build/stm32f4xx_hal_msp.o
 .ARM.attributes
                0x0000015a       0x34 build/stm32f4xx_hal_rcc.o
 .ARM.attributes
                0x0000018e       0x34 build/stm32f4xx_hal_gpio.o
 .ARM.attributes
                0x000001c2       0x34 build/stm32f4xx_hal_cortex.o
 .ARM.attributes
                0x000001f6       0x34 build/stm32f4xx_hal.o
 .ARM.attributes
                0x0000022a       0x34 build/system_stm32f4xx.o
 .ARM.attributes
                0x0000025e       0x34 build/list.o
 .ARM.attributes
                0x00000292       0x34 build/queue.o
 .ARM.attributes
                0x000002c6       0x34 build/tasks.o
 .ARM.attributes
                0x000002fa       0x34 build/timers.o
 .ARM.attributes
                0x0000032e       0x34 build/cmsis_os2.o
 .ARM.attributes
                0x00000362       0x34 build/heap_4.o
 .ARM.attributes
                0x00000396       0x34 build/port.o
 .ARM.attributes
                0x000003ca       0x21 build/startup_stm32f407xx.o
 .ARM.attributes
                0x000003eb       0x34 /usr/lib/gcc/arm-none-eabi/14.2.0/../../../../arm-none-eabi/lib/thumb/v7e-m+fp/hard/libc_nano.a(libc_a-memset.o)
 .ARM.attributes
                0x0000041f       0x34 /usr/lib/gcc/arm-none-eabi/14.2.0/../../../../arm-none-eabi/lib/thumb/v7e-m+fp/hard/libc_nano.a(libc_a-init.o)
 .ARM.attributes
                0x00000453       0x34 /usr/lib/gcc/arm-none-eabi/14.2.0/../../../../arm-none-eabi/lib/thumb/v7e-m+fp/hard/libc_nano.a(libc_a-memcpy-stub.o)
 .ARM.attributes
                0x00000487       0x22 /usr/lib/gcc/arm-none-eabi/14.2.0/thumb/v7e-m+fp/hard/libgcc.a(_aeabi_uldivmod.o)
 .ARM.attributes
                0x000004a9       0x34 /usr/lib/gcc/arm-none-eabi/14.2.0/thumb/v7e-m+fp/hard/libgcc.a(_udivmoddi4.o)
 .ARM.attributes
                0x000004dd       0x22 /usr/lib/gcc/arm-none-eabi/14.2.0/thumb/v7e-m+fp/hard/libgcc.a(_dvmd_tls.o)
 .ARM.attributes
                0x000004ff       0x22 /usr/lib/gcc/arm-none-eabi/14.2.0/thumb/v7e-m+fp/hard/crtn.o

.comment        0x00000000       0x1e
 .comment       0x00000000       0x1e build/main.o
                                 0x1f (size before relaxing)
 .comment       0x0000001e       0x1f build/gpio.o
 .comment       0x0000001e       0x1f build/freertos.o
 .comment       0x0000001e       0x1f build/stm32f4xx_it.o
 .comment       0x0000001e       0x1f build/stm32f4xx_hal_msp.o
 .comment       0x0000001e       0x1f build/stm32f4xx_hal_rcc.o
 .comment       0x0000001e       0x1f build/stm32f4xx_hal_gpio.o
 .comment       0x0000001e       0x1f build/stm32f4xx_hal_cortex.o
 .comment       0x0000001e       0x1f build/stm32f4xx_hal.o
 .comment       0x0000001e       0x1f build/system_stm32f4xx.o
 .comment       0x0000001e       0x1f build/list.o
 .comment       0x0000001e       0x1f build/queue.o
 .comment       0x0000001e       0x1f build/tasks.o
 .comment       0x0000001e       0x1f build/timers.o
 .comment       0x0000001e       0x1f build/cmsis_os2.o
 .comment       0x0000001e       0x1f build/heap_4.o
 .comment       0x0000001e       0x1f build/port.o
 .comment       0x0000001e       0x1f /usr/lib/gcc/arm-none-eabi/14.2.0/../../../../arm-none-eabi/lib/thumb/v7e-m+fp/hard/libc_nano.a(libc_a-memset.o)
 .comment       0x0000001e       0x1f /usr/lib/gcc/arm-none-eabi/14.2.0/../../../../arm-none-eabi/lib/thumb/v7e-m+fp/hard/libc_nano.a(libc_a-init.o)
 .comment       0x0000001e       0x1f /usr/lib/gcc/arm-none-eabi/14.2.0/../../../../arm-none-eabi/lib/thumb/v7e-m+fp/hard/libc_nano.a(libc_a-memcpy-stub.o)
 .comment       0x0000001e       0x1f /usr/lib/gcc/arm-none-eabi/14.2.0/thumb/v7e-m+fp/hard/libgcc.a(_udivmoddi4.o)

.debug_info     0x00000000    0x13b4d
 .debug_info    0x00000000      0xa4c build/main.o
 .debug_info    0x00000a4c      0x723 build/gpio.o
 .debug_info    0x0000116f      0x407 build/freertos.o
 .debug_info    0x00001576      0x16b build/stm32f4xx_it.o
 .debug_info    0x000016e1      0x55a build/stm32f4xx_hal_msp.o
 .debug_info    0x00001c3b      0xc20 build/stm32f4xx_hal_rcc.o
 .debug_info    0x0000285b      0x848 build/stm32f4xx_hal_gpio.o
 .debug_info    0x000030a3     0x11e0 build/stm32f4xx_hal_cortex.o
 .debug_info    0x00004283      0xafa build/stm32f4xx_hal.o
 .debug_info    0x00004d7d      0x5b3 build/system_stm32f4xx.o
 .debug_info    0x00005330      0x30f build/list.o
 .debug_info    0x0000563f     0x2a48 build/queue.o
 .debug_info    0x00008087     0x33ae build/tasks.o
 .debug_info    0x0000b435     0x1d2b build/timers.o
 .debug_info    0x0000d160     0x5380 build/cmsis_os2.o
 .debug_info    0x000124e0      0x60c build/heap_4.o
 .debug_info    0x00012aec      0x5c2 build/port.o
 .debug_info    0x000130ae       0x30 build/startup_stm32f407xx.o
 .debug_info    0x000130de       0xe0 /usr/lib/gcc/arm-none-eabi/14.2.0/../../../../arm-none-eabi/lib/thumb/v7e-m+fp/hard/libc_nano.a(libc_a-memset.o)
 .debug_info    0x000131be      0x10b /usr/lib/gcc/arm-none-eabi/14.2.0/../../../../arm-none-eabi/lib/thumb/v7e-m+fp/hard/libc_nano.a(libc_a-init.o)
 .debug_info    0x000132c9      0x121 /usr/lib/gcc/arm-none-eabi/14.2.0/../../../../arm-none-eabi/lib/thumb/v7e-m+fp/hard/libc_nano.a(libc_a-memcpy-stub.o)
 .debug_info    0x000133ea       0x24 /usr/lib/gcc/arm-none-eabi/14.2.0/thumb/v7e-m+fp/hard/libgcc.a(_aeabi_uldivmod.o)
 .debug_info    0x0001340e      0x703 /usr/lib/gcc/arm-none-eabi/14.2.0/thumb/v7e-m+fp/hard/libgcc.a(_udivmoddi4.o)
 .debug_info    0x00013b11       0x3c /usr/lib/gcc/arm-none-eabi/14.2.0/thumb/v7e-m+fp/hard/libgcc.a(_dvmd_tls.o)

.debug_abbrev   0x00000000     0x2f10
 .debug_abbrev  0x00000000      0x283 build/main.o
 .debug_abbrev  0x00000283      0x160 build/gpio.o
 .debug_abbrev  0x000003e3      0x13b build/freertos.o
 .debug_abbrev  0x0000051e       0xa4 build/stm32f4xx_it.o
 .debug_abbrev  0x000005c2      0x122 build/stm32f4xx_hal_msp.o
 .debug_abbrev  0x000006e4      0x2de build/stm32f4xx_hal_rcc.o
 .debug_abbrev  0x000009c2      0x22b build/stm32f4xx_hal_gpio.o
 .debug_abbrev  0x00000bed      0x3ca build/stm32f4xx_hal_cortex.o
 .debug_abbrev  0x00000fb7      0x244 build/stm32f4xx_hal.o
 .debug_abbrev  0x000011fb      0x11b build/system_stm32f4xx.o
 .debug_abbrev  0x00001316      0x124 build/list.o
 .debug_abbrev  0x0000143a      0x431 build/queue.o
 .debug_abbrev  0x0000186b      0x400 build/tasks.o
 .debug_abbrev  0x00001c6b      0x3d4 build/timers.o
 .debug_abbrev  0x0000203f      0x5bf build/cmsis_os2.o
 .debug_abbrev  0x000025fe      0x27a build/heap_4.o
 .debug_abbrev  0x00002878      0x2af build/port.o
 .debug_abbrev  0x00002b27       0x1d build/startup_stm32f407xx.o
 .debug_abbrev  0x00002b44       0x9e /usr/lib/gcc/arm-none-eabi/14.2.0/../../../../arm-none-eabi/lib/thumb/v7e-m+fp/hard/libc_nano.a(libc_a-memset.o)
 .debug_abbrev  0x00002be2       0xc9 /usr/lib/gcc/arm-none-eabi/14.2.0/../../../../arm-none-eabi/lib/thumb/v7e-m+fp/hard/libc_nano.a(libc_a-init.o)
 .debug_abbrev  0x00002cab       0xc1 /usr/lib/gcc/arm-none-eabi/14.2.0/../../../../arm-none-eabi/lib/thumb/v7e-m+fp/hard/libc_nano.a(libc_a-memcpy-stub.o)
 .debug_abbrev  0x00002d6c       0x14 /usr/lib/gcc/arm-none-eabi/14.2.0/thumb/v7e-m+fp/hard/libgcc.a(_aeabi_uldivmod.o)
 .debug_abbrev  0x00002d80      0x16a /usr/lib/gcc/arm-none-eabi/14.2.0/thumb/v7e-m+fp/hard/libgcc.a(_udivmoddi4.o)
 .debug_abbrev  0x00002eea       0x26 /usr/lib/gcc/arm-none-eabi/14.2.0/thumb/v7e-m+fp/hard/libgcc.a(_dvmd_tls.o)

.debug_loc      0x00000000     0xec86
 .debug_loc     0x00000000       0xc9 build/main.o
 .debug_loc     0x000000c9       0x39 build/gpio.o
 .debug_loc     0x00000102       0x6b build/freertos.o
 .debug_loc     0x0000016d       0x20 build/stm32f4xx_it.o
 .debug_loc     0x0000018d       0x38 build/stm32f4xx_hal_msp.o
 .debug_loc     0x000001c5      0x712 build/stm32f4xx_hal_rcc.o
 .debug_loc     0x000008d7      0x60b build/stm32f4xx_hal_gpio.o
 .debug_loc     0x00000ee2      0x8ff build/stm32f4xx_hal_cortex.o
 .debug_loc     0x000017e1      0x1f9 build/stm32f4xx_hal.o
 .debug_loc     0x000019da       0xb0 build/system_stm32f4xx.o
 .debug_loc     0x00001a8a       0xeb build/list.o
 .debug_loc     0x00001b75     0x212d build/queue.o
 .debug_loc     0x00003ca2     0x2c36 build/tasks.o
 .debug_loc     0x000068d8     0x170b build/timers.o
 .debug_loc     0x00007fe3     0x65c1 build/cmsis_os2.o
 .debug_loc     0x0000e5a4      0x51c build/heap_4.o
 .debug_loc     0x0000eac0      0x1c6 build/port.o

.debug_aranges  0x00000000      0xcc8
 .debug_aranges
                0x00000000       0x38 build/main.o
 .debug_aranges
                0x00000038       0x20 build/gpio.o
 .debug_aranges
                0x00000058       0x28 build/freertos.o
 .debug_aranges
                0x00000080       0x50 build/stm32f4xx_it.o
 .debug_aranges
                0x000000d0       0x20 build/stm32f4xx_hal_msp.o
 .debug_aranges
                0x000000f0       0x88 build/stm32f4xx_hal_rcc.o
 .debug_aranges
                0x00000178       0x58 build/stm32f4xx_hal_gpio.o
 .debug_aranges
                0x000001d0       0xf8 build/stm32f4xx_hal_cortex.o
 .debug_aranges
                0x000002c8       0xf0 build/stm32f4xx_hal.o
 .debug_aranges
                0x000003b8       0x28 build/system_stm32f4xx.o
 .debug_aranges
                0x000003e0       0x40 build/list.o
 .debug_aranges
                0x00000420      0x158 build/queue.o
 .debug_aranges
                0x00000578      0x208 build/tasks.o
 .debug_aranges
                0x00000780       0xf0 build/timers.o
 .debug_aranges
                0x00000870      0x298 build/cmsis_os2.o
 .debug_aranges
                0x00000b08       0x58 build/heap_4.o
 .debug_aranges
                0x00000b60       0x80 build/port.o
 .debug_aranges
                0x00000be0       0x28 build/startup_stm32f407xx.o
 .debug_aranges
                0x00000c08       0x20 /usr/lib/gcc/arm-none-eabi/14.2.0/../../../../arm-none-eabi/lib/thumb/v7e-m+fp/hard/libc_nano.a(libc_a-memset.o)
 .debug_aranges
                0x00000c28       0x20 /usr/lib/gcc/arm-none-eabi/14.2.0/../../../../arm-none-eabi/lib/thumb/v7e-m+fp/hard/libc_nano.a(libc_a-init.o)
 .debug_aranges
                0x00000c48       0x20 /usr/lib/gcc/arm-none-eabi/14.2.0/../../../../arm-none-eabi/lib/thumb/v7e-m+fp/hard/libc_nano.a(libc_a-memcpy-stub.o)
 .debug_aranges
                0x00000c68       0x20 /usr/lib/gcc/arm-none-eabi/14.2.0/thumb/v7e-m+fp/hard/libgcc.a(_aeabi_uldivmod.o)
 .debug_aranges
                0x00000c88       0x20 /usr/lib/gcc/arm-none-eabi/14.2.0/thumb/v7e-m+fp/hard/libgcc.a(_udivmoddi4.o)
 .debug_aranges
                0x00000ca8       0x20 /usr/lib/gcc/arm-none-eabi/14.2.0/thumb/v7e-m+fp/hard/libgcc.a(_dvmd_tls.o)

.debug_ranges   0x00000000      0xd30
 .debug_ranges  0x00000000       0x28 build/main.o
 .debug_ranges  0x00000028       0x10 build/gpio.o
 .debug_ranges  0x00000038       0x18 build/freertos.o
 .debug_ranges  0x00000050       0x40 build/stm32f4xx_it.o
 .debug_ranges  0x00000090       0x10 build/stm32f4xx_hal_msp.o
 .debug_ranges  0x000000a0       0x90 build/stm32f4xx_hal_rcc.o
 .debug_ranges  0x00000130       0x48 build/stm32f4xx_hal_gpio.o
 .debug_ranges  0x00000178       0xe8 build/stm32f4xx_hal_cortex.o
 .debug_ranges  0x00000260       0xe0 build/stm32f4xx_hal.o
 .debug_ranges  0x00000340       0x18 build/system_stm32f4xx.o
 .debug_ranges  0x00000358       0x30 build/list.o
 .debug_ranges  0x00000388      0x218 build/queue.o
 .debug_ranges  0x000005a0      0x338 build/tasks.o
 .debug_ranges  0x000008d8       0xe0 build/timers.o
 .debug_ranges  0x000009b8      0x288 build/cmsis_os2.o
 .debug_ranges  0x00000c40       0x48 build/heap_4.o
 .debug_ranges  0x00000c88       0x88 build/port.o
 .debug_ranges  0x00000d10       0x20 build/startup_stm32f407xx.o

.debug_line     0x00000000     0xc150
 .debug_line    0x00000000      0x3bc build/main.o
 .debug_line    0x000003bc      0x34c build/gpio.o
 .debug_line    0x00000708      0x125 build/freertos.o
 .debug_line    0x0000082d      0x1d2 build/stm32f4xx_it.o
 .debug_line    0x000009ff      0x13a build/stm32f4xx_hal_msp.o
 .debug_line    0x00000b39      0xb72 build/stm32f4xx_hal_rcc.o
 .debug_line    0x000016ab      0x69d build/stm32f4xx_hal_gpio.o
 .debug_line    0x00001d48      0x7d2 build/stm32f4xx_hal_cortex.o
 .debug_line    0x0000251a      0x50f build/stm32f4xx_hal.o
 .debug_line    0x00002a29      0x1f5 build/system_stm32f4xx.o
 .debug_line    0x00002c1e      0x2fd build/list.o
 .debug_line    0x00002f1b     0x1c40 build/queue.o
 .debug_line    0x00004b5b     0x2714 build/tasks.o
 .debug_line    0x0000726f      0xd6b build/timers.o
 .debug_line    0x00007fda     0x2b12 build/cmsis_os2.o
 .debug_line    0x0000aaec      0x67f build/heap_4.o
 .debug_line    0x0000b16b      0x5ca build/port.o
 .debug_line    0x0000b735       0x73 build/startup_stm32f407xx.o
 .debug_line    0x0000b7a8      0x123 /usr/lib/gcc/arm-none-eabi/14.2.0/../../../../arm-none-eabi/lib/thumb/v7e-m+fp/hard/libc_nano.a(libc_a-memset.o)
 .debug_line    0x0000b8cb      0x115 /usr/lib/gcc/arm-none-eabi/14.2.0/../../../../arm-none-eabi/lib/thumb/v7e-m+fp/hard/libc_nano.a(libc_a-init.o)
 .debug_line    0x0000b9e0      0x191 /usr/lib/gcc/arm-none-eabi/14.2.0/../../../../arm-none-eabi/lib/thumb/v7e-m+fp/hard/libc_nano.a(libc_a-memcpy-stub.o)
 .debug_line    0x0000bb71       0x4e /usr/lib/gcc/arm-none-eabi/14.2.0/thumb/v7e-m+fp/hard/libgcc.a(_aeabi_uldivmod.o)
 .debug_line    0x0000bbbf      0x547 /usr/lib/gcc/arm-none-eabi/14.2.0/thumb/v7e-m+fp/hard/libgcc.a(_udivmoddi4.o)
 .debug_line    0x0000c106       0x4a /usr/lib/gcc/arm-none-eabi/14.2.0/thumb/v7e-m+fp/hard/libgcc.a(_dvmd_tls.o)

.debug_str      0x00000000     0x533a
 .debug_str     0x00000000     0x533a build/main.o
                                0x648 (size before relaxing)
 .debug_str     0x0000533a      0x37b build/gpio.o
 .debug_str     0x0000533a      0x6e9 build/freertos.o
 .debug_str     0x0000533a      0x23e build/stm32f4xx_it.o
 .debug_str     0x0000533a      0x7b7 build/stm32f4xx_hal_msp.o
 .debug_str     0x0000533a      0x6f5 build/stm32f4xx_hal_rcc.o
 .debug_str     0x0000533a      0x4cf build/stm32f4xx_hal_gpio.o
 .debug_str     0x0000533a      0xc64 build/stm32f4xx_hal_cortex.o
 .debug_str     0x0000533a      0xb53 build/stm32f4xx_hal.o
 .debug_str     0x0000533a      0x364 build/system_stm32f4xx.o
 .debug_str     0x0000533a      0x2f1 build/list.o
 .debug_str     0x0000533a      0xd07 build/queue.o
 .debug_str     0x0000533a     0x12d6 build/tasks.o
 .debug_str     0x0000533a      0xc37 build/timers.o
 .debug_str     0x0000533a     0x218e build/cmsis_os2.o
 .debug_str     0x0000533a      0x50a build/heap_4.o
 .debug_str     0x0000533a      0x471 build/port.o
 .debug_str     0x0000533a       0x78 build/startup_stm32f407xx.o
 .debug_str     0x0000533a      0x1bf /usr/lib/gcc/arm-none-eabi/14.2.0/../../../../arm-none-eabi/lib/thumb/v7e-m+fp/hard/libc_nano.a(libc_a-memset.o)
 .debug_str     0x0000533a      0x220 /usr/lib/gcc/arm-none-eabi/14.2.0/../../../../arm-none-eabi/lib/thumb/v7e-m+fp/hard/libc_nano.a(libc_a-init.o)
 .debug_str     0x0000533a      0x1dd /usr/lib/gcc/arm-none-eabi/14.2.0/../../../../arm-none-eabi/lib/thumb/v7e-m+fp/hard/libc_nano.a(libc_a-memcpy-stub.o)
 .debug_str     0x0000533a       0x9e /usr/lib/gcc/arm-none-eabi/14.2.0/thumb/v7e-m+fp/hard/libgcc.a(_aeabi_uldivmod.o)
 .debug_str     0x0000533a      0x6b6 /usr/lib/gcc/arm-none-eabi/14.2.0/thumb/v7e-m+fp/hard/libgcc.a(_udivmoddi4.o)
 .debug_str     0x0000533a       0xbe /usr/lib/gcc/arm-none-eabi/14.2.0/thumb/v7e-m+fp/hard/libgcc.a(_dvmd_tls.o)

.debug_frame    0x00000000     0x2228
 .debug_frame   0x00000000       0x74 build/main.o
 .debug_frame   0x00000074       0x3c build/gpio.o
 .debug_frame   0x000000b0       0x40 build/freertos.o
 .debug_frame   0x000000f0       0x88 build/stm32f4xx_it.o
 .debug_frame   0x00000178       0x2c build/stm32f4xx_hal_msp.o
 .debug_frame   0x000001a4      0x16c build/stm32f4xx_hal_rcc.o
 .debug_frame   0x00000310       0xd8 build/stm32f4xx_hal_gpio.o
 .debug_frame   0x000003e8      0x214 build/stm32f4xx_hal_cortex.o
 .debug_frame   0x000005fc      0x1ec build/stm32f4xx_hal.o
 .debug_frame   0x000007e8       0x30 build/system_stm32f4xx.o
 .debug_frame   0x00000818       0x70 build/list.o
 .debug_frame   0x00000888      0x458 build/queue.o
 .debug_frame   0x00000ce0      0x694 build/tasks.o
 .debug_frame   0x00001374      0x30c build/timers.o
 .debug_frame   0x00001680      0x8f4 build/cmsis_os2.o
 .debug_frame   0x00001f74       0xd0 build/heap_4.o
 .debug_frame   0x00002044      0x110 build/port.o
 .debug_frame   0x00002154       0x20 /usr/lib/gcc/arm-none-eabi/14.2.0/../../../../arm-none-eabi/lib/thumb/v7e-m+fp/hard/libc_nano.a(libc_a-memset.o)
 .debug_frame   0x00002174       0x2c /usr/lib/gcc/arm-none-eabi/14.2.0/../../../../arm-none-eabi/lib/thumb/v7e-m+fp/hard/libc_nano.a(libc_a-init.o)
 .debug_frame   0x000021a0       0x28 /usr/lib/gcc/arm-none-eabi/14.2.0/../../../../arm-none-eabi/lib/thumb/v7e-m+fp/hard/libc_nano.a(libc_a-memcpy-stub.o)
 .debug_frame   0x000021c8       0x2c /usr/lib/gcc/arm-none-eabi/14.2.0/thumb/v7e-m+fp/hard/libgcc.a(_aeabi_uldivmod.o)
 .debug_frame   0x000021f4       0x34 /usr/lib/gcc/arm-none-eabi/14.2.0/thumb/v7e-m+fp/hard/libgcc.a(_udivmoddi4.o)

.debug_loclists
                0x00000000      0xad2
 .debug_loclists
                0x00000000       0x4d /usr/lib/gcc/arm-none-eabi/14.2.0/../../../../arm-none-eabi/lib/thumb/v7e-m+fp/hard/libc_nano.a(libc_a-memset.o)
 .debug_loclists
                0x0000004d       0x54 /usr/lib/gcc/arm-none-eabi/14.2.0/../../../../arm-none-eabi/lib/thumb/v7e-m+fp/hard/libc_nano.a(libc_a-init.o)
 .debug_loclists
                0x000000a1       0xad /usr/lib/gcc/arm-none-eabi/14.2.0/../../../../arm-none-eabi/lib/thumb/v7e-m+fp/hard/libc_nano.a(libc_a-memcpy-stub.o)
 .debug_loclists
                0x0000014e      0x984 /usr/lib/gcc/arm-none-eabi/14.2.0/thumb/v7e-m+fp/hard/libgcc.a(_udivmoddi4.o)

.debug_rnglists
                0x00000000       0xac
 .debug_rnglists
                0x00000000       0x13 /usr/lib/gcc/arm-none-eabi/14.2.0/../../../../arm-none-eabi/lib/thumb/v7e-m+fp/hard/libc_nano.a(libc_a-memset.o)
 .debug_rnglists
                0x00000013       0x13 /usr/lib/gcc/arm-none-eabi/14.2.0/../../../../arm-none-eabi/lib/thumb/v7e-m+fp/hard/libc_nano.a(libc_a-init.o)
 .debug_rnglists
                0x00000026       0x13 /usr/lib/gcc/arm-none-eabi/14.2.0/../../../../arm-none-eabi/lib/thumb/v7e-m+fp/hard/libc_nano.a(libc_a-memcpy-stub.o)
 .debug_rnglists
                0x00000039       0x73 /usr/lib/gcc/arm-none-eabi/14.2.0/thumb/v7e-m+fp/hard/libgcc.a(_udivmoddi4.o)

.debug_line_str
                0x00000000       0x9e
 .debug_line_str
                0x00000000       0x9e /usr/lib/gcc/arm-none-eabi/14.2.0/thumb/v7e-m+fp/hard/libgcc.a(_aeabi_uldivmod.o)
                                 0x92 (size before relaxing)
 .debug_line_str
                0x0000009e       0x96 /usr/lib/gcc/arm-none-eabi/14.2.0/thumb/v7e-m+fp/hard/libgcc.a(_dvmd_tls.o)

Cross Reference Table

Symbol                                            File
ADC_IRQHandler                                    build/startup_stm32f407xx.o
AHBPrescTable                                     build/system_stm32f4xx.o
                                                  build/stm32f4xx_hal_rcc.o
APBPrescTable                                     build/system_stm32f4xx.o
                                                  build/stm32f4xx_hal_rcc.o
BusFault_Handler                                  build/stm32f4xx_it.o
CAN1_RX0_IRQHandler                               build/startup_stm32f407xx.o
CAN1_RX1_IRQHandler                               build/startup_stm32f407xx.o
CAN1_SCE_IRQHandler                               build/startup_stm32f407xx.o
CAN1_TX_IRQHandler                                build/startup_stm32f407xx.o
CAN2_RX0_IRQHandler                               build/startup_stm32f407xx.o
CAN2_RX1_IRQHandler                               build/startup_stm32f407xx.o
CAN2_SCE_IRQHandler                               build/startup_stm32f407xx.o
CAN2_TX_IRQHandler                                build/startup_stm32f407xx.o
DCMI_IRQHandler                                   build/startup_stm32f407xx.o
DMA1_Stream0_IRQHandler                           build/startup_stm32f407xx.o
DMA1_Stream1_IRQHandler                           build/startup_stm32f407xx.o
DMA1_Stream2_IRQHandler                           build/startup_stm32f407xx.o
DMA1_Stream3_IRQHandler                           build/startup_stm32f407xx.o
DMA1_Stream4_IRQHandler                           build/startup_stm32f407xx.o
DMA1_Stream5_IRQHandler                           build/startup_stm32f407xx.o
DMA1_Stream6_IRQHandler                           build/startup_stm32f407xx.o
DMA1_Stream7_IRQHandler                           build/startup_stm32f407xx.o
DMA2_Stream0_IRQHandler                           build/startup_stm32f407xx.o
DMA2_Stream1_IRQHandler                           build/startup_stm32f407xx.o
DMA2_Stream2_IRQHandler                           build/startup_stm32f407xx.o
DMA2_Stream3_IRQHandler                           build/startup_stm32f407xx.o
DMA2_Stream4_IRQHandler                           build/startup_stm32f407xx.o
DMA2_Stream5_IRQHandler                           build/startup_stm32f407xx.o
DMA2_Stream6_IRQHandler                           build/startup_stm32f407xx.o
DMA2_Stream7_IRQHandler                           build/startup_stm32f407xx.o
DebugMon_Handler                                  build/stm32f4xx_it.o
Default_Handler                                   build/startup_stm32f407xx.o
ETH_IRQHandler                                    build/startup_stm32f407xx.o
ETH_WKUP_IRQHandler                               build/startup_stm32f407xx.o
EXTI0_IRQHandler                                  build/startup_stm32f407xx.o
EXTI15_10_IRQHandler                              build/startup_stm32f407xx.o
EXTI1_IRQHandler                                  build/startup_stm32f407xx.o
EXTI2_IRQHandler                                  build/startup_stm32f407xx.o
EXTI3_IRQHandler                                  build/startup_stm32f407xx.o
EXTI4_IRQHandler                                  build/startup_stm32f407xx.o
EXTI9_5_IRQHandler                                build/startup_stm32f407xx.o
Error_Handler                                     build/main.o
FLASH_Erase_Sector                                build/stm32f4xx_hal_flash_ex.o
                                                  build/stm32f4xx_hal_flash.o
FLASH_FlushCaches                                 build/stm32f4xx_hal_flash_ex.o
                                                  build/stm32f4xx_hal_flash.o
FLASH_IRQHandler                                  build/startup_stm32f407xx.o
FLASH_WaitForLastOperation                        build/stm32f4xx_hal_flash.o
                                                  build/stm32f4xx_hal_flash_ex.o
FPU_IRQHandler                                    build/startup_stm32f407xx.o
FSMC_IRQHandler                                   build/startup_stm32f407xx.o
HAL_CORTEX_ClearEvent                             build/stm32f4xx_hal_cortex.o
HAL_DBGMCU_DisableDBGSleepMode                    build/stm32f4xx_hal.o
HAL_DBGMCU_DisableDBGStandbyMode                  build/stm32f4xx_hal.o
HAL_DBGMCU_DisableDBGStopMode                     build/stm32f4xx_hal.o
HAL_DBGMCU_EnableDBGSleepMode                     build/stm32f4xx_hal.o
HAL_DBGMCU_EnableDBGStandbyMode                   build/stm32f4xx_hal.o
HAL_DBGMCU_EnableDBGStopMode                      build/stm32f4xx_hal.o
HAL_DMAEx_ChangeMemory                            build/stm32f4xx_hal_dma_ex.o
HAL_DMAEx_MultiBufferStart                        build/stm32f4xx_hal_dma_ex.o
HAL_DMAEx_MultiBufferStart_IT                     build/stm32f4xx_hal_dma_ex.o
HAL_DMA_Abort                                     build/stm32f4xx_hal_dma.o
HAL_DMA_Abort_IT                                  build/stm32f4xx_hal_dma.o
HAL_DMA_DeInit                                    build/stm32f4xx_hal_dma.o
HAL_DMA_GetError                                  build/stm32f4xx_hal_dma.o
HAL_DMA_GetState                                  build/stm32f4xx_hal_dma.o
HAL_DMA_IRQHandler                                build/stm32f4xx_hal_dma.o
HAL_DMA_Init                                      build/stm32f4xx_hal_dma.o
HAL_DMA_PollForTransfer                           build/stm32f4xx_hal_dma.o
HAL_DMA_RegisterCallback                          build/stm32f4xx_hal_dma.o
HAL_DMA_Start                                     build/stm32f4xx_hal_dma.o
HAL_DMA_Start_IT                                  build/stm32f4xx_hal_dma.o
HAL_DMA_UnRegisterCallback                        build/stm32f4xx_hal_dma.o
HAL_DeInit                                        build/stm32f4xx_hal.o
HAL_Delay                                         build/stm32f4xx_hal.o
                                                  build/main.o
HAL_DisableCompensationCell                       build/stm32f4xx_hal.o
HAL_EXTI_ClearConfigLine                          build/stm32f4xx_hal_exti.o
HAL_EXTI_ClearPending                             build/stm32f4xx_hal_exti.o
HAL_EXTI_GenerateSWI                              build/stm32f4xx_hal_exti.o
HAL_EXTI_GetConfigLine                            build/stm32f4xx_hal_exti.o
HAL_EXTI_GetHandle                                build/stm32f4xx_hal_exti.o
HAL_EXTI_GetPending                               build/stm32f4xx_hal_exti.o
HAL_EXTI_IRQHandler                               build/stm32f4xx_hal_exti.o
HAL_EXTI_RegisterCallback                         build/stm32f4xx_hal_exti.o
HAL_EXTI_SetConfigLine                            build/stm32f4xx_hal_exti.o
HAL_EnableCompensationCell                        build/stm32f4xx_hal.o
HAL_FLASHEx_Erase                                 build/stm32f4xx_hal_flash_ex.o
HAL_FLASHEx_Erase_IT                              build/stm32f4xx_hal_flash_ex.o
HAL_FLASHEx_OBGetConfig                           build/stm32f4xx_hal_flash_ex.o
HAL_FLASHEx_OBProgram                             build/stm32f4xx_hal_flash_ex.o
HAL_FLASH_EndOfOperationCallback                  build/stm32f4xx_hal_flash.o
HAL_FLASH_GetError                                build/stm32f4xx_hal_flash.o
HAL_FLASH_IRQHandler                              build/stm32f4xx_hal_flash.o
HAL_FLASH_Lock                                    build/stm32f4xx_hal_flash.o
HAL_FLASH_OB_Launch                               build/stm32f4xx_hal_flash.o
HAL_FLASH_OB_Lock                                 build/stm32f4xx_hal_flash.o
HAL_FLASH_OB_Unlock                               build/stm32f4xx_hal_flash.o
HAL_FLASH_OperationErrorCallback                  build/stm32f4xx_hal_flash.o
HAL_FLASH_Program                                 build/stm32f4xx_hal_flash.o
HAL_FLASH_Program_IT                              build/stm32f4xx_hal_flash.o
HAL_FLASH_Unlock                                  build/stm32f4xx_hal_flash.o
HAL_GPIO_DeInit                                   build/stm32f4xx_hal_gpio.o
HAL_GPIO_EXTI_Callback                            build/stm32f4xx_hal_gpio.o
HAL_GPIO_EXTI_IRQHandler                          build/stm32f4xx_hal_gpio.o
HAL_GPIO_Init                                     build/stm32f4xx_hal_gpio.o
                                                  build/stm32f4xx_hal_rcc.o
                                                  build/gpio.o
HAL_GPIO_LockPin                                  build/stm32f4xx_hal_gpio.o
HAL_GPIO_ReadPin                                  build/stm32f4xx_hal_gpio.o
HAL_GPIO_TogglePin                                build/stm32f4xx_hal_gpio.o
                                                  build/main.o
HAL_GPIO_WritePin                                 build/stm32f4xx_hal_gpio.o
                                                  build/gpio.o
HAL_GetDEVID                                      build/stm32f4xx_hal.o
HAL_GetHalVersion                                 build/stm32f4xx_hal.o
HAL_GetREVID                                      build/stm32f4xx_hal.o
HAL_GetTick                                       build/stm32f4xx_hal.o
                                                  build/stm32f4xx_hal_pwr_ex.o
                                                  build/stm32f4xx_hal_dma.o
                                                  build/stm32f4xx_hal_flash.o
                                                  build/stm32f4xx_hal_rcc_ex.o
                                                  build/stm32f4xx_hal_rcc.o
HAL_GetTickFreq                                   build/stm32f4xx_hal.o
HAL_GetTickPrio                                   build/stm32f4xx_hal.o
HAL_GetUIDw0                                      build/stm32f4xx_hal.o
HAL_GetUIDw1                                      build/stm32f4xx_hal.o
HAL_GetUIDw2                                      build/stm32f4xx_hal.o
HAL_IncTick                                       build/stm32f4xx_hal.o
                                                  build/stm32f4xx_it.o
HAL_Init                                          build/stm32f4xx_hal.o
                                                  build/main.o
HAL_InitTick                                      build/stm32f4xx_hal.o
                                                  build/stm32f4xx_hal_rcc_ex.o
                                                  build/stm32f4xx_hal_rcc.o
HAL_MPU_ConfigRegion                              build/stm32f4xx_hal_cortex.o
HAL_MPU_Disable                                   build/stm32f4xx_hal_cortex.o
HAL_MPU_DisableRegion                             build/stm32f4xx_hal_cortex.o
HAL_MPU_Enable                                    build/stm32f4xx_hal_cortex.o
HAL_MPU_EnableRegion                              build/stm32f4xx_hal_cortex.o
HAL_MspDeInit                                     build/stm32f4xx_hal.o
HAL_MspInit                                       build/stm32f4xx_hal_msp.o
HAL_NVIC_ClearPendingIRQ                          build/stm32f4xx_hal_cortex.o
HAL_NVIC_DisableIRQ                               build/stm32f4xx_hal_cortex.o
HAL_NVIC_EnableIRQ                                build/stm32f4xx_hal_cortex.o
HAL_NVIC_GetActive                                build/stm32f4xx_hal_cortex.o
HAL_NVIC_GetPendingIRQ                            build/stm32f4xx_hal_cortex.o
HAL_NVIC_GetPriority                              build/stm32f4xx_hal_cortex.o
HAL_NVIC_GetPriorityGrouping                      build/stm32f4xx_hal_cortex.o
HAL_NVIC_SetPendingIRQ                            build/stm32f4xx_hal_cortex.o
HAL_NVIC_SetPriority                              build/stm32f4xx_hal_cortex.o
                                                  build/stm32f4xx_hal.o
                                                  build/stm32f4xx_hal_msp.o
HAL_NVIC_SetPriorityGrouping                      build/stm32f4xx_hal_cortex.o
                                                  build/stm32f4xx_hal.o
HAL_NVIC_SystemReset                              build/stm32f4xx_hal_cortex.o
HAL_PWREx_ControlVoltageScaling                   build/stm32f4xx_hal_pwr_ex.o
HAL_PWREx_DisableBkUpReg                          build/stm32f4xx_hal_pwr_ex.o
HAL_PWREx_DisableFlashPowerDown                   build/stm32f4xx_hal_pwr_ex.o
HAL_PWREx_EnableBkUpReg                           build/stm32f4xx_hal_pwr_ex.o
HAL_PWREx_EnableFlashPowerDown                    build/stm32f4xx_hal_pwr_ex.o
HAL_PWREx_GetVoltageRange                         build/stm32f4xx_hal_pwr_ex.o
HAL_PWR_ConfigPVD                                 build/stm32f4xx_hal_pwr.o
HAL_PWR_DeInit                                    build/stm32f4xx_hal_pwr.o
HAL_PWR_DisableBkUpAccess                         build/stm32f4xx_hal_pwr.o
HAL_PWR_DisablePVD                                build/stm32f4xx_hal_pwr.o
HAL_PWR_DisableSEVOnPend                          build/stm32f4xx_hal_pwr.o
HAL_PWR_DisableSleepOnExit                        build/stm32f4xx_hal_pwr.o
HAL_PWR_DisableWakeUpPin                          build/stm32f4xx_hal_pwr.o
HAL_PWR_EnableBkUpAccess                          build/stm32f4xx_hal_pwr.o
HAL_PWR_EnablePVD                                 build/stm32f4xx_hal_pwr.o
HAL_PWR_EnableSEVOnPend                           build/stm32f4xx_hal_pwr.o
HAL_PWR_EnableSleepOnExit                         build/stm32f4xx_hal_pwr.o
HAL_PWR_EnableWakeUpPin                           build/stm32f4xx_hal_pwr.o
HAL_PWR_EnterSLEEPMode                            build/stm32f4xx_hal_pwr.o
HAL_PWR_EnterSTANDBYMode                          build/stm32f4xx_hal_pwr.o
HAL_PWR_EnterSTOPMode                             build/stm32f4xx_hal_pwr.o
HAL_PWR_PVDCallback                               build/stm32f4xx_hal_pwr.o
HAL_PWR_PVD_IRQHandler                            build/stm32f4xx_hal_pwr.o
HAL_RCCEx_DisablePLLI2S                           build/stm32f4xx_hal_rcc_ex.o
HAL_RCCEx_EnablePLLI2S                            build/stm32f4xx_hal_rcc_ex.o
HAL_RCCEx_GetPeriphCLKConfig                      build/stm32f4xx_hal_rcc_ex.o
HAL_RCCEx_GetPeriphCLKFreq                        build/stm32f4xx_hal_rcc_ex.o
HAL_RCCEx_PeriphCLKConfig                         build/stm32f4xx_hal_rcc_ex.o
HAL_RCC_CSSCallback                               build/stm32f4xx_hal_rcc.o
HAL_RCC_ClockConfig                               build/stm32f4xx_hal_rcc.o
                                                  build/main.o
HAL_RCC_DeInit                                    build/stm32f4xx_hal_rcc_ex.o
                                                  build/stm32f4xx_hal_rcc.o
HAL_RCC_DisableCSS                                build/stm32f4xx_hal_rcc.o
HAL_RCC_EnableCSS                                 build/stm32f4xx_hal_rcc.o
HAL_RCC_GetClockConfig                            build/stm32f4xx_hal_rcc.o
HAL_RCC_GetHCLKFreq                               build/stm32f4xx_hal_rcc.o
HAL_RCC_GetOscConfig                              build/stm32f4xx_hal_rcc.o
HAL_RCC_GetPCLK1Freq                              build/stm32f4xx_hal_rcc.o
HAL_RCC_GetPCLK2Freq                              build/stm32f4xx_hal_rcc.o
HAL_RCC_GetSysClockFreq                           build/stm32f4xx_hal_rcc.o
HAL_RCC_MCOConfig                                 build/stm32f4xx_hal_rcc.o
HAL_RCC_NMI_IRQHandler                            build/stm32f4xx_hal_rcc.o
HAL_RCC_OscConfig                                 build/stm32f4xx_hal_rcc.o
                                                  build/main.o
HAL_ResumeTick                                    build/stm32f4xx_hal.o
HAL_SYSTICK_CLKSourceConfig                       build/stm32f4xx_hal_cortex.o
HAL_SYSTICK_Callback                              build/stm32f4xx_hal_cortex.o
HAL_SYSTICK_Config                                build/stm32f4xx_hal_cortex.o
                                                  build/stm32f4xx_hal.o
HAL_SYSTICK_IRQHandler                            build/stm32f4xx_hal_cortex.o
HAL_SetTickFreq                                   build/stm32f4xx_hal.o
HAL_SuspendTick                                   build/stm32f4xx_hal.o
HASH_RNG_IRQHandler                               build/startup_stm32f407xx.o
HardFault_Handler                                 build/stm32f4xx_it.o
I2C1_ER_IRQHandler                                build/startup_stm32f407xx.o
I2C1_EV_IRQHandler                                build/startup_stm32f407xx.o
I2C2_ER_IRQHandler                                build/startup_stm32f407xx.o
I2C2_EV_IRQHandler                                build/startup_stm32f407xx.o
I2C3_ER_IRQHandler                                build/startup_stm32f407xx.o
I2C3_EV_IRQHandler                                build/startup_stm32f407xx.o
MX_FREERTOS_Init                                  build/freertos.o
                                                  build/main.o
MX_GPIO_Init                                      build/gpio.o
                                                  build/main.o
MemManage_Handler                                 build/stm32f4xx_it.o
NMI_Handler                                       build/stm32f4xx_it.o
OTG_FS_IRQHandler                                 build/startup_stm32f407xx.o
OTG_FS_WKUP_IRQHandler                            build/startup_stm32f407xx.o
OTG_HS_EP1_IN_IRQHandler                          build/startup_stm32f407xx.o
OTG_HS_EP1_OUT_IRQHandler                         build/startup_stm32f407xx.o
OTG_HS_IRQHandler                                 build/startup_stm32f407xx.o
OTG_HS_WKUP_IRQHandler                            build/startup_stm32f407xx.o
PVD_IRQHandler                                    build/startup_stm32f407xx.o
PendSV_Handler                                    build/port.o
RCC_IRQHandler                                    build/startup_stm32f407xx.o
RTC_Alarm_IRQHandler                              build/startup_stm32f407xx.o
RTC_WKUP_IRQHandler                               build/startup_stm32f407xx.o
Reset_Handler                                     build/startup_stm32f407xx.o
SDIO_IRQHandler                                   build/startup_stm32f407xx.o
SPI1_IRQHandler                                   build/startup_stm32f407xx.o
SPI2_IRQHandler                                   build/startup_stm32f407xx.o
SPI3_IRQHandler                                   build/startup_stm32f407xx.o
SVC_Handler                                       build/port.o
StartDefaultTask                                  build/freertos.o
SysTick_Handler                                   build/stm32f4xx_it.o
SystemClock_Config                                build/main.o
SystemCoreClock                                   build/system_stm32f4xx.o
                                                  build/port.o
                                                  build/cmsis_os2.o
                                                  build/stm32f4xx_hal.o
                                                  build/stm32f4xx_hal_dma.o
                                                  build/stm32f4xx_hal_rcc_ex.o
                                                  build/stm32f4xx_hal_rcc.o
SystemCoreClockUpdate                             build/system_stm32f4xx.o
SystemInit                                        build/system_stm32f4xx.o
                                                  build/startup_stm32f407xx.o
TAMP_STAMP_IRQHandler                             build/startup_stm32f407xx.o
TIM1_BRK_TIM9_IRQHandler                          build/startup_stm32f407xx.o
TIM1_CC_IRQHandler                                build/startup_stm32f407xx.o
TIM1_TRG_COM_TIM11_IRQHandler                     build/startup_stm32f407xx.o
TIM1_UP_TIM10_IRQHandler                          build/startup_stm32f407xx.o
TIM2_IRQHandler                                   build/startup_stm32f407xx.o
TIM3_IRQHandler                                   build/startup_stm32f407xx.o
TIM4_IRQHandler                                   build/startup_stm32f407xx.o
TIM5_IRQHandler                                   build/startup_stm32f407xx.o
TIM6_DAC_IRQHandler                               build/startup_stm32f407xx.o
TIM7_IRQHandler                                   build/startup_stm32f407xx.o
TIM8_BRK_TIM12_IRQHandler                         build/startup_stm32f407xx.o
TIM8_CC_IRQHandler                                build/startup_stm32f407xx.o
TIM8_TRG_COM_TIM14_IRQHandler                     build/startup_stm32f407xx.o
TIM8_UP_TIM13_IRQHandler                          build/startup_stm32f407xx.o
UART4_IRQHandler                                  build/startup_stm32f407xx.o
UART5_IRQHandler                                  build/startup_stm32f407xx.o
USART1_IRQHandler                                 build/startup_stm32f407xx.o
USART2_IRQHandler                                 build/startup_stm32f407xx.o
USART3_IRQHandler                                 build/startup_stm32f407xx.o
USART6_IRQHandler                                 build/startup_stm32f407xx.o
UsageFault_Handler                                build/stm32f4xx_it.o
WWDG_IRQHandler                                   build/startup_stm32f407xx.o
_Min_Stack_Size                                   build/sysmem.o
__aeabi_idiv0                                     /usr/lib/gcc/arm-none-eabi/14.2.0/thumb/v7e-m+fp/hard/libgcc.a(_dvmd_tls.o)
__aeabi_ldiv0                                     /usr/lib/gcc/arm-none-eabi/14.2.0/thumb/v7e-m+fp/hard/libgcc.a(_dvmd_tls.o)
                                                  /usr/lib/gcc/arm-none-eabi/14.2.0/thumb/v7e-m+fp/hard/libgcc.a(_aeabi_uldivmod.o)
__aeabi_uldivmod                                  /usr/lib/gcc/arm-none-eabi/14.2.0/thumb/v7e-m+fp/hard/libgcc.a(_aeabi_uldivmod.o)
                                                  build/stm32f4xx_hal_rcc.o
__atexit                                          /usr/lib/gcc/arm-none-eabi/14.2.0/../../../../arm-none-eabi/lib/thumb/v7e-m+fp/hard/libc_nano.a(libc_a-__call_atexit.o)
                                                  /usr/lib/gcc/arm-none-eabi/14.2.0/../../../../arm-none-eabi/lib/thumb/v7e-m+fp/hard/libc_nano.a(libc_a-__atexit.o)
__atexit0                                         /usr/lib/gcc/arm-none-eabi/14.2.0/../../../../arm-none-eabi/lib/thumb/v7e-m+fp/hard/libc_nano.a(libc_a-__atexit.o)
__atexit_dummy                                    /usr/lib/gcc/arm-none-eabi/14.2.0/../../../../arm-none-eabi/lib/thumb/v7e-m+fp/hard/libc_nano.a(libc_a-__atexit.o)
__atexit_recursive_mutex                          /usr/lib/gcc/arm-none-eabi/14.2.0/../../../../arm-none-eabi/lib/thumb/v7e-m+fp/hard/libc_nano.a(libc_a-__call_atexit.o)
                                                  /usr/lib/gcc/arm-none-eabi/14.2.0/../../../../arm-none-eabi/lib/thumb/v7e-m+fp/hard/libc_nano.a(libc_a-__atexit.o)
__bss_end__                                       /usr/lib/gcc/arm-none-eabi/14.2.0/../../../../arm-none-eabi/lib/thumb/v7e-m+fp/hard/crt0.o
__bss_start__                                     /usr/lib/gcc/arm-none-eabi/14.2.0/../../../../arm-none-eabi/lib/thumb/v7e-m+fp/hard/crt0.o
__call_exitprocs                                  /usr/lib/gcc/arm-none-eabi/14.2.0/../../../../arm-none-eabi/lib/thumb/v7e-m+fp/hard/libc_nano.a(libc_a-__call_atexit.o)
                                                  /usr/lib/gcc/arm-none-eabi/14.2.0/../../../../arm-none-eabi/lib/thumb/v7e-m+fp/hard/libc_nano.a(libc_a-__atexit.o)
                                                  /usr/lib/gcc/arm-none-eabi/14.2.0/../../../../arm-none-eabi/lib/thumb/v7e-m+fp/hard/libc_nano.a(libc_a-exit.o)
__deregister_frame_info                           /usr/lib/gcc/arm-none-eabi/14.2.0/thumb/v7e-m+fp/hard/crtbegin.o
__dso_handle                                      /usr/lib/gcc/arm-none-eabi/14.2.0/thumb/v7e-m+fp/hard/crtbegin.o
__env                                             build/syscalls.o
__errno                                           /usr/lib/gcc/arm-none-eabi/14.2.0/../../../../arm-none-eabi/lib/thumb/v7e-m+fp/hard/libc_nano.a(libc_a-errno.o)
                                                  build/syscalls.o
                                                  build/sysmem.o
__fini_array_end                                  /usr/lib/gcc/arm-none-eabi/14.2.0/../../../../arm-none-eabi/lib/thumb/v7e-m+fp/hard/libc_nano.a(libc_a-fini.o)
__fini_array_start                                /usr/lib/gcc/arm-none-eabi/14.2.0/../../../../arm-none-eabi/lib/thumb/v7e-m+fp/hard/libc_nano.a(libc_a-fini.o)
__fp_lock_all                                     /usr/lib/gcc/arm-none-eabi/14.2.0/../../../../arm-none-eabi/lib/thumb/v7e-m+fp/hard/libc_nano.a(libc_a-findfp.o)
__fp_unlock_all                                   /usr/lib/gcc/arm-none-eabi/14.2.0/../../../../arm-none-eabi/lib/thumb/v7e-m+fp/hard/libc_nano.a(libc_a-findfp.o)
__init_array_end                                  /usr/lib/gcc/arm-none-eabi/14.2.0/../../../../arm-none-eabi/lib/thumb/v7e-m+fp/hard/libc_nano.a(libc_a-init.o)
__init_array_start                                /usr/lib/gcc/arm-none-eabi/14.2.0/../../../../arm-none-eabi/lib/thumb/v7e-m+fp/hard/libc_nano.a(libc_a-init.o)
__io_getchar                                      build/syscalls.o
__io_putchar                                      build/syscalls.o
__libc_fini_array                                 /usr/lib/gcc/arm-none-eabi/14.2.0/../../../../arm-none-eabi/lib/thumb/v7e-m+fp/hard/libc_nano.a(libc_a-fini.o)
                                                  /usr/lib/gcc/arm-none-eabi/14.2.0/../../../../arm-none-eabi/lib/thumb/v7e-m+fp/hard/crt0.o
__libc_init_array                                 /usr/lib/gcc/arm-none-eabi/14.2.0/../../../../arm-none-eabi/lib/thumb/v7e-m+fp/hard/libc_nano.a(libc_a-init.o)
                                                  build/startup_stm32f407xx.o
                                                  /usr/lib/gcc/arm-none-eabi/14.2.0/../../../../arm-none-eabi/lib/thumb/v7e-m+fp/hard/crt0.o
__lock___arc4random_mutex                         /usr/lib/gcc/arm-none-eabi/14.2.0/../../../../arm-none-eabi/lib/thumb/v7e-m+fp/hard/libc_nano.a(libc_a-lock.o)
__lock___at_quick_exit_mutex                      /usr/lib/gcc/arm-none-eabi/14.2.0/../../../../arm-none-eabi/lib/thumb/v7e-m+fp/hard/libc_nano.a(libc_a-lock.o)
__lock___atexit_recursive_mutex                   /usr/lib/gcc/arm-none-eabi/14.2.0/../../../../arm-none-eabi/lib/thumb/v7e-m+fp/hard/libc_nano.a(libc_a-lock.o)
                                                  /usr/lib/gcc/arm-none-eabi/14.2.0/../../../../arm-none-eabi/lib/thumb/v7e-m+fp/hard/libc_nano.a(libc_a-__call_atexit.o)
__lock___dd_hash_mutex                            /usr/lib/gcc/arm-none-eabi/14.2.0/../../../../arm-none-eabi/lib/thumb/v7e-m+fp/hard/libc_nano.a(libc_a-lock.o)
__lock___env_recursive_mutex                      /usr/lib/gcc/arm-none-eabi/14.2.0/../../../../arm-none-eabi/lib/thumb/v7e-m+fp/hard/libc_nano.a(libc_a-lock.o)
__lock___malloc_recursive_mutex                   /usr/lib/gcc/arm-none-eabi/14.2.0/../../../../arm-none-eabi/lib/thumb/v7e-m+fp/hard/libc_nano.a(libc_a-lock.o)
                                                  /usr/lib/gcc/arm-none-eabi/14.2.0/../../../../arm-none-eabi/lib/thumb/v7e-m+fp/hard/libc_nano.a(libc_a-mlock.o)
__lock___sfp_recursive_mutex                      /usr/lib/gcc/arm-none-eabi/14.2.0/../../../../arm-none-eabi/lib/thumb/v7e-m+fp/hard/libc_nano.a(libc_a-lock.o)
                                                  /usr/lib/gcc/arm-none-eabi/14.2.0/../../../../arm-none-eabi/lib/thumb/v7e-m+fp/hard/libc_nano.a(libc_a-findfp.o)
__lock___tz_mutex                                 /usr/lib/gcc/arm-none-eabi/14.2.0/../../../../arm-none-eabi/lib/thumb/v7e-m+fp/hard/libc_nano.a(libc_a-lock.o)
__malloc_free_list                                /usr/lib/gcc/arm-none-eabi/14.2.0/../../../../arm-none-eabi/lib/thumb/v7e-m+fp/hard/libc_nano.a(libc_a-mallocr.o)
                                                  /usr/lib/gcc/arm-none-eabi/14.2.0/../../../../arm-none-eabi/lib/thumb/v7e-m+fp/hard/libc_nano.a(libc_a-freer.o)
__malloc_lock                                     /usr/lib/gcc/arm-none-eabi/14.2.0/../../../../arm-none-eabi/lib/thumb/v7e-m+fp/hard/libc_nano.a(libc_a-mlock.o)
                                                  /usr/lib/gcc/arm-none-eabi/14.2.0/../../../../arm-none-eabi/lib/thumb/v7e-m+fp/hard/libc_nano.a(libc_a-mallocr.o)
                                                  /usr/lib/gcc/arm-none-eabi/14.2.0/../../../../arm-none-eabi/lib/thumb/v7e-m+fp/hard/libc_nano.a(libc_a-freer.o)
__malloc_sbrk_start                               /usr/lib/gcc/arm-none-eabi/14.2.0/../../../../arm-none-eabi/lib/thumb/v7e-m+fp/hard/libc_nano.a(libc_a-mallocr.o)
__malloc_unlock                                   /usr/lib/gcc/arm-none-eabi/14.2.0/../../../../arm-none-eabi/lib/thumb/v7e-m+fp/hard/libc_nano.a(libc_a-mlock.o)
                                                  /usr/lib/gcc/arm-none-eabi/14.2.0/../../../../arm-none-eabi/lib/thumb/v7e-m+fp/hard/libc_nano.a(libc_a-mallocr.o)
                                                  /usr/lib/gcc/arm-none-eabi/14.2.0/../../../../arm-none-eabi/lib/thumb/v7e-m+fp/hard/libc_nano.a(libc_a-freer.o)
__on_exit_args                                    /usr/lib/gcc/arm-none-eabi/14.2.0/../../../../arm-none-eabi/lib/thumb/v7e-m+fp/hard/libc_nano.a(libc_a-__atexit.o)
__preinit_array_end                               /usr/lib/gcc/arm-none-eabi/14.2.0/../../../../arm-none-eabi/lib/thumb/v7e-m+fp/hard/libc_nano.a(libc_a-init.o)
__preinit_array_start                             /usr/lib/gcc/arm-none-eabi/14.2.0/../../../../arm-none-eabi/lib/thumb/v7e-m+fp/hard/libc_nano.a(libc_a-init.o)
__register_exitproc                               /usr/lib/gcc/arm-none-eabi/14.2.0/../../../../arm-none-eabi/lib/thumb/v7e-m+fp/hard/libc_nano.a(libc_a-__atexit.o)
                                                  /usr/lib/gcc/arm-none-eabi/14.2.0/../../../../arm-none-eabi/lib/thumb/v7e-m+fp/hard/libc_nano.a(libc_a-atexit.o)
__register_frame_info                             /usr/lib/gcc/arm-none-eabi/14.2.0/thumb/v7e-m+fp/hard/crtbegin.o
__retarget_lock_acquire                           /usr/lib/gcc/arm-none-eabi/14.2.0/../../../../arm-none-eabi/lib/thumb/v7e-m+fp/hard/libc_nano.a(libc_a-lock.o)
__retarget_lock_acquire_recursive                 /usr/lib/gcc/arm-none-eabi/14.2.0/../../../../arm-none-eabi/lib/thumb/v7e-m+fp/hard/libc_nano.a(libc_a-lock.o)
                                                  /usr/lib/gcc/arm-none-eabi/14.2.0/../../../../arm-none-eabi/lib/thumb/v7e-m+fp/hard/libc_nano.a(libc_a-fflush.o)
                                                  /usr/lib/gcc/arm-none-eabi/14.2.0/../../../../arm-none-eabi/lib/thumb/v7e-m+fp/hard/libc_nano.a(libc_a-mlock.o)
                                                  /usr/lib/gcc/arm-none-eabi/14.2.0/../../../../arm-none-eabi/lib/thumb/v7e-m+fp/hard/libc_nano.a(libc_a-__call_atexit.o)
                                                  /usr/lib/gcc/arm-none-eabi/14.2.0/../../../../arm-none-eabi/lib/thumb/v7e-m+fp/hard/libc_nano.a(libc_a-__atexit.o)
                                                  /usr/lib/gcc/arm-none-eabi/14.2.0/../../../../arm-none-eabi/lib/thumb/v7e-m+fp/hard/libc_nano.a(libc_a-findfp.o)
__retarget_lock_close                             /usr/lib/gcc/arm-none-eabi/14.2.0/../../../../arm-none-eabi/lib/thumb/v7e-m+fp/hard/libc_nano.a(libc_a-lock.o)
__retarget_lock_close_recursive                   /usr/lib/gcc/arm-none-eabi/14.2.0/../../../../arm-none-eabi/lib/thumb/v7e-m+fp/hard/libc_nano.a(libc_a-lock.o)
__retarget_lock_init                              /usr/lib/gcc/arm-none-eabi/14.2.0/../../../../arm-none-eabi/lib/thumb/v7e-m+fp/hard/libc_nano.a(libc_a-lock.o)
__retarget_lock_init_recursive                    /usr/lib/gcc/arm-none-eabi/14.2.0/../../../../arm-none-eabi/lib/thumb/v7e-m+fp/hard/libc_nano.a(libc_a-lock.o)
                                                  /usr/lib/gcc/arm-none-eabi/14.2.0/../../../../arm-none-eabi/lib/thumb/v7e-m+fp/hard/libc_nano.a(libc_a-findfp.o)
__retarget_lock_release                           /usr/lib/gcc/arm-none-eabi/14.2.0/../../../../arm-none-eabi/lib/thumb/v7e-m+fp/hard/libc_nano.a(libc_a-lock.o)
__retarget_lock_release_recursive                 /usr/lib/gcc/arm-none-eabi/14.2.0/../../../../arm-none-eabi/lib/thumb/v7e-m+fp/hard/libc_nano.a(libc_a-lock.o)
                                                  /usr/lib/gcc/arm-none-eabi/14.2.0/../../../../arm-none-eabi/lib/thumb/v7e-m+fp/hard/libc_nano.a(libc_a-fflush.o)
                                                  /usr/lib/gcc/arm-none-eabi/14.2.0/../../../../arm-none-eabi/lib/thumb/v7e-m+fp/hard/libc_nano.a(libc_a-mlock.o)
                                                  /usr/lib/gcc/arm-none-eabi/14.2.0/../../../../arm-none-eabi/lib/thumb/v7e-m+fp/hard/libc_nano.a(libc_a-__call_atexit.o)
                                                  /usr/lib/gcc/arm-none-eabi/14.2.0/../../../../arm-none-eabi/lib/thumb/v7e-m+fp/hard/libc_nano.a(libc_a-__atexit.o)
                                                  /usr/lib/gcc/arm-none-eabi/14.2.0/../../../../arm-none-eabi/lib/thumb/v7e-m+fp/hard/libc_nano.a(libc_a-findfp.o)
__retarget_lock_try_acquire                       /usr/lib/gcc/arm-none-eabi/14.2.0/../../../../arm-none-eabi/lib/thumb/v7e-m+fp/hard/libc_nano.a(libc_a-lock.o)
__retarget_lock_try_acquire_recursive             /usr/lib/gcc/arm-none-eabi/14.2.0/../../../../arm-none-eabi/lib/thumb/v7e-m+fp/hard/libc_nano.a(libc_a-lock.o)
__sclose                                          /usr/lib/gcc/arm-none-eabi/14.2.0/../../../../arm-none-eabi/lib/thumb/v7e-m+fp/hard/libc_nano.a(libc_a-stdio.o)
                                                  /usr/lib/gcc/arm-none-eabi/14.2.0/../../../../arm-none-eabi/lib/thumb/v7e-m+fp/hard/libc_nano.a(libc_a-findfp.o)
__seofread                                        /usr/lib/gcc/arm-none-eabi/14.2.0/../../../../arm-none-eabi/lib/thumb/v7e-m+fp/hard/libc_nano.a(libc_a-stdio.o)
__sf                                              /usr/lib/gcc/arm-none-eabi/14.2.0/../../../../arm-none-eabi/lib/thumb/v7e-m+fp/hard/libc_nano.a(libc_a-findfp.o)
                                                  /usr/lib/gcc/arm-none-eabi/14.2.0/../../../../arm-none-eabi/lib/thumb/v7e-m+fp/hard/libc_nano.a(libc_a-impure.o)
__sflush_r                                        /usr/lib/gcc/arm-none-eabi/14.2.0/../../../../arm-none-eabi/lib/thumb/v7e-m+fp/hard/libc_nano.a(libc_a-fflush.o)
__sfp                                             /usr/lib/gcc/arm-none-eabi/14.2.0/../../../../arm-none-eabi/lib/thumb/v7e-m+fp/hard/libc_nano.a(libc_a-findfp.o)
__sfp_lock_acquire                                /usr/lib/gcc/arm-none-eabi/14.2.0/../../../../arm-none-eabi/lib/thumb/v7e-m+fp/hard/libc_nano.a(libc_a-findfp.o)
__sfp_lock_release                                /usr/lib/gcc/arm-none-eabi/14.2.0/../../../../arm-none-eabi/lib/thumb/v7e-m+fp/hard/libc_nano.a(libc_a-findfp.o)
__sglue                                           /usr/lib/gcc/arm-none-eabi/14.2.0/../../../../arm-none-eabi/lib/thumb/v7e-m+fp/hard/libc_nano.a(libc_a-findfp.o)
                                                  /usr/lib/gcc/arm-none-eabi/14.2.0/../../../../arm-none-eabi/lib/thumb/v7e-m+fp/hard/libc_nano.a(libc_a-fflush.o)
__sinit                                           /usr/lib/gcc/arm-none-eabi/14.2.0/../../../../arm-none-eabi/lib/thumb/v7e-m+fp/hard/libc_nano.a(libc_a-findfp.o)
                                                  /usr/lib/gcc/arm-none-eabi/14.2.0/../../../../arm-none-eabi/lib/thumb/v7e-m+fp/hard/libc_nano.a(libc_a-fflush.o)
__sread                                           /usr/lib/gcc/arm-none-eabi/14.2.0/../../../../arm-none-eabi/lib/thumb/v7e-m+fp/hard/libc_nano.a(libc_a-stdio.o)
                                                  /usr/lib/gcc/arm-none-eabi/14.2.0/../../../../arm-none-eabi/lib/thumb/v7e-m+fp/hard/libc_nano.a(libc_a-findfp.o)
__sseek                                           /usr/lib/gcc/arm-none-eabi/14.2.0/../../../../arm-none-eabi/lib/thumb/v7e-m+fp/hard/libc_nano.a(libc_a-stdio.o)
                                                  /usr/lib/gcc/arm-none-eabi/14.2.0/../../../../arm-none-eabi/lib/thumb/v7e-m+fp/hard/libc_nano.a(libc_a-findfp.o)
__stack                                           /usr/lib/gcc/arm-none-eabi/14.2.0/../../../../arm-none-eabi/lib/thumb/v7e-m+fp/hard/crt0.o
__stdio_exit_handler                              /usr/lib/gcc/arm-none-eabi/14.2.0/../../../../arm-none-eabi/lib/thumb/v7e-m+fp/hard/libc_nano.a(libc_a-findfp.o)
                                                  /usr/lib/gcc/arm-none-eabi/14.2.0/../../../../arm-none-eabi/lib/thumb/v7e-m+fp/hard/libc_nano.a(libc_a-exit.o)
__swrite                                          /usr/lib/gcc/arm-none-eabi/14.2.0/../../../../arm-none-eabi/lib/thumb/v7e-m+fp/hard/libc_nano.a(libc_a-stdio.o)
                                                  /usr/lib/gcc/arm-none-eabi/14.2.0/../../../../arm-none-eabi/lib/thumb/v7e-m+fp/hard/libc_nano.a(libc_a-findfp.o)
__udivmoddi4                                      /usr/lib/gcc/arm-none-eabi/14.2.0/thumb/v7e-m+fp/hard/libgcc.a(_udivmoddi4.o)
                                                  /usr/lib/gcc/arm-none-eabi/14.2.0/thumb/v7e-m+fp/hard/libgcc.a(_aeabi_uldivmod.o)
_close                                            build/syscalls.o
                                                  /usr/lib/gcc/arm-none-eabi/14.2.0/../../../../arm-none-eabi/lib/thumb/v7e-m+fp/hard/libc_nano.a(libc_a-closer.o)
_close_r                                          /usr/lib/gcc/arm-none-eabi/14.2.0/../../../../arm-none-eabi/lib/thumb/v7e-m+fp/hard/libc_nano.a(libc_a-closer.o)
                                                  /usr/lib/gcc/arm-none-eabi/14.2.0/../../../../arm-none-eabi/lib/thumb/v7e-m+fp/hard/libc_nano.a(libc_a-stdio.o)
_ebss                                             build/startup_stm32f407xx.o
_edata                                            build/startup_stm32f407xx.o
_end                                              build/sysmem.o
_estack                                           build/startup_stm32f407xx.o
                                                  build/sysmem.o
_execve                                           build/syscalls.o
_exit                                             build/syscalls.o
                                                  /usr/lib/gcc/arm-none-eabi/14.2.0/../../../../arm-none-eabi/lib/thumb/v7e-m+fp/hard/libc_nano.a(libc_a-exit.o)
_fflush_r                                         /usr/lib/gcc/arm-none-eabi/14.2.0/../../../../arm-none-eabi/lib/thumb/v7e-m+fp/hard/libc_nano.a(libc_a-fflush.o)
                                                  /usr/lib/gcc/arm-none-eabi/14.2.0/../../../../arm-none-eabi/lib/thumb/v7e-m+fp/hard/libc_nano.a(libc_a-findfp.o)
_fini                                             /usr/lib/gcc/arm-none-eabi/14.2.0/thumb/v7e-m+fp/hard/crti.o
                                                  /usr/lib/gcc/arm-none-eabi/14.2.0/../../../../arm-none-eabi/lib/thumb/v7e-m+fp/hard/libc_nano.a(libc_a-fini.o)
_fork                                             build/syscalls.o
_free_r                                           /usr/lib/gcc/arm-none-eabi/14.2.0/../../../../arm-none-eabi/lib/thumb/v7e-m+fp/hard/libc_nano.a(libc_a-freer.o)
                                                  /usr/lib/gcc/arm-none-eabi/14.2.0/../../../../arm-none-eabi/lib/thumb/v7e-m+fp/hard/libc_nano.a(libc_a-fflush.o)
                                                  /usr/lib/gcc/arm-none-eabi/14.2.0/../../../../arm-none-eabi/lib/thumb/v7e-m+fp/hard/libc_nano.a(libc_a-reent.o)
_fstat                                            build/syscalls.o
_fwalk_sglue                                      /usr/lib/gcc/arm-none-eabi/14.2.0/../../../../arm-none-eabi/lib/thumb/v7e-m+fp/hard/libc_nano.a(libc_a-fwalk.o)